Archive member included to satisfy reference by file (symbol)

C:/ST/STM32CubeIDE_1.14.1/STM32CubeIDE/plugins/com.st.stm32cube.ide.mcu.externaltools.gnu-tools-for-stm32.11.3.rel1.win32_1.1.100.202309141235/tools/bin/../lib/gcc/arm-none-eabi/11.3.1/../../../../arm-none-eabi/lib/thumb/v7e-m+fp/hard\libc_nano.a(libc_a-exit.o)
                              C:/ST/STM32CubeIDE_1.14.1/STM32CubeIDE/plugins/com.st.stm32cube.ide.mcu.externaltools.gnu-tools-for-stm32.11.3.rel1.win32_1.1.100.202309141235/tools/bin/../lib/gcc/arm-none-eabi/11.3.1/../../../../arm-none-eabi/lib/thumb/v7e-m+fp/hard/crt0.o (exit)
C:/ST/STM32CubeIDE_1.14.1/STM32CubeIDE/plugins/com.st.stm32cube.ide.mcu.externaltools.gnu-tools-for-stm32.11.3.rel1.win32_1.1.100.202309141235/tools/bin/../lib/gcc/arm-none-eabi/11.3.1/../../../../arm-none-eabi/lib/thumb/v7e-m+fp/hard\libc_nano.a(libc_a-findfp.o)
                              C:/ST/STM32CubeIDE_1.14.1/STM32CubeIDE/plugins/com.st.stm32cube.ide.mcu.externaltools.gnu-tools-for-stm32.11.3.rel1.win32_1.1.100.202309141235/tools/bin/../lib/gcc/arm-none-eabi/11.3.1/../../../../arm-none-eabi/lib/thumb/v7e-m+fp/hard\libc_nano.a(libc_a-exit.o) (__stdio_exit_handler)
C:/ST/STM32CubeIDE_1.14.1/STM32CubeIDE/plugins/com.st.stm32cube.ide.mcu.externaltools.gnu-tools-for-stm32.11.3.rel1.win32_1.1.100.202309141235/tools/bin/../lib/gcc/arm-none-eabi/11.3.1/../../../../arm-none-eabi/lib/thumb/v7e-m+fp/hard\libc_nano.a(libc_a-fwalk.o)
                              C:/ST/STM32CubeIDE_1.14.1/STM32CubeIDE/plugins/com.st.stm32cube.ide.mcu.externaltools.gnu-tools-for-stm32.11.3.rel1.win32_1.1.100.202309141235/tools/bin/../lib/gcc/arm-none-eabi/11.3.1/../../../../arm-none-eabi/lib/thumb/v7e-m+fp/hard\libc_nano.a(libc_a-findfp.o) (_fwalk_sglue)
C:/ST/STM32CubeIDE_1.14.1/STM32CubeIDE/plugins/com.st.stm32cube.ide.mcu.externaltools.gnu-tools-for-stm32.11.3.rel1.win32_1.1.100.202309141235/tools/bin/../lib/gcc/arm-none-eabi/11.3.1/../../../../arm-none-eabi/lib/thumb/v7e-m+fp/hard\libc_nano.a(libc_a-stdio.o)
                              C:/ST/STM32CubeIDE_1.14.1/STM32CubeIDE/plugins/com.st.stm32cube.ide.mcu.externaltools.gnu-tools-for-stm32.11.3.rel1.win32_1.1.100.202309141235/tools/bin/../lib/gcc/arm-none-eabi/11.3.1/../../../../arm-none-eabi/lib/thumb/v7e-m+fp/hard\libc_nano.a(libc_a-findfp.o) (__sread)
C:/ST/STM32CubeIDE_1.14.1/STM32CubeIDE/plugins/com.st.stm32cube.ide.mcu.externaltools.gnu-tools-for-stm32.11.3.rel1.win32_1.1.100.202309141235/tools/bin/../lib/gcc/arm-none-eabi/11.3.1/../../../../arm-none-eabi/lib/thumb/v7e-m+fp/hard\libc_nano.a(libc_a-memset.o)
                              C:/ST/STM32CubeIDE_1.14.1/STM32CubeIDE/plugins/com.st.stm32cube.ide.mcu.externaltools.gnu-tools-for-stm32.11.3.rel1.win32_1.1.100.202309141235/tools/bin/../lib/gcc/arm-none-eabi/11.3.1/../../../../arm-none-eabi/lib/thumb/v7e-m+fp/hard/crt0.o (memset)
C:/ST/STM32CubeIDE_1.14.1/STM32CubeIDE/plugins/com.st.stm32cube.ide.mcu.externaltools.gnu-tools-for-stm32.11.3.rel1.win32_1.1.100.202309141235/tools/bin/../lib/gcc/arm-none-eabi/11.3.1/../../../../arm-none-eabi/lib/thumb/v7e-m+fp/hard\libc_nano.a(libc_a-closer.o)
                              C:/ST/STM32CubeIDE_1.14.1/STM32CubeIDE/plugins/com.st.stm32cube.ide.mcu.externaltools.gnu-tools-for-stm32.11.3.rel1.win32_1.1.100.202309141235/tools/bin/../lib/gcc/arm-none-eabi/11.3.1/../../../../arm-none-eabi/lib/thumb/v7e-m+fp/hard\libc_nano.a(libc_a-stdio.o) (_close_r)
C:/ST/STM32CubeIDE_1.14.1/STM32CubeIDE/plugins/com.st.stm32cube.ide.mcu.externaltools.gnu-tools-for-stm32.11.3.rel1.win32_1.1.100.202309141235/tools/bin/../lib/gcc/arm-none-eabi/11.3.1/../../../../arm-none-eabi/lib/thumb/v7e-m+fp/hard\libc_nano.a(libc_a-reent.o)
                              C:/ST/STM32CubeIDE_1.14.1/STM32CubeIDE/plugins/com.st.stm32cube.ide.mcu.externaltools.gnu-tools-for-stm32.11.3.rel1.win32_1.1.100.202309141235/tools/bin/../lib/gcc/arm-none-eabi/11.3.1/../../../../arm-none-eabi/lib/thumb/v7e-m+fp/hard\libc_nano.a(libc_a-closer.o) (errno)
C:/ST/STM32CubeIDE_1.14.1/STM32CubeIDE/plugins/com.st.stm32cube.ide.mcu.externaltools.gnu-tools-for-stm32.11.3.rel1.win32_1.1.100.202309141235/tools/bin/../lib/gcc/arm-none-eabi/11.3.1/../../../../arm-none-eabi/lib/thumb/v7e-m+fp/hard\libc_nano.a(libc_a-impure.o)
                              C:/ST/STM32CubeIDE_1.14.1/STM32CubeIDE/plugins/com.st.stm32cube.ide.mcu.externaltools.gnu-tools-for-stm32.11.3.rel1.win32_1.1.100.202309141235/tools/bin/../lib/gcc/arm-none-eabi/11.3.1/../../../../arm-none-eabi/lib/thumb/v7e-m+fp/hard\libc_nano.a(libc_a-reent.o) (_impure_ptr)
C:/ST/STM32CubeIDE_1.14.1/STM32CubeIDE/plugins/com.st.stm32cube.ide.mcu.externaltools.gnu-tools-for-stm32.11.3.rel1.win32_1.1.100.202309141235/tools/bin/../lib/gcc/arm-none-eabi/11.3.1/../../../../arm-none-eabi/lib/thumb/v7e-m+fp/hard\libc_nano.a(libc_a-lseekr.o)
[...]
Memory Configuration

Name             Origin             Length             Attributes
RAM              0x0000000020000000 0x0000000000050000 xrw
RAM2             0x0000000010000000 0x0000000000010000 xrw
FLASH            0x0000000008000000 0x0000000000100000 xr
*default*        0x0000000000000000 0xffffffffffffffff

Linker script and memory map

LOAD C:/ST/STM32CubeIDE_1.14.1/STM32CubeIDE/plugins/com.st.stm32cube.ide.mcu.externaltools.gnu-tools-for-stm32.11.3.rel1.win32_1.1.100.202309141235/tools/bin/../lib/gcc/arm-none-eabi/11.3.1/thumb/v7e-m+fp/hard/crti.o
LOAD C:/ST/STM32CubeIDE_1.14.1/STM32CubeIDE/plugins/com.st.stm32cube.ide.mcu.externaltools.gnu-tools-for-stm32.11.3.rel1.win32_1.1.100.202309141235/tools/bin/../lib/gcc/arm-none-eabi/11.3.1/thumb/v7e-m+fp/hard/crtbegin.o
LOAD C:/ST/STM32CubeIDE_1.14.1/STM32CubeIDE/plugins/com.st.stm32cube.ide.mcu.externaltools.gnu-tools-for-stm32.11.3.rel1.win32_1.1.100.202309141235/tools/bin/../lib/gcc/arm-none-eabi/11.3.1/../../../../arm-none-eabi/lib/thumb/v7e-m+fp/hard/crt0.o
LOAD ./Core/Src/main.o
LOAD ./Core/Src/stm32l4xx_hal_msp.o
LOAD ./Core/Src/stm32l4xx_it.o
LOAD ./Core/Src/syscalls.o
LOAD ./Core/Src/sysmem.o
LOAD ./Core/Src/system_stm32l4xx.o
LOAD ./Core/Startup/startup_stm32l496zgtxp.o
LOAD ./Drivers/STM32L4xx_HAL_Driver/Src/stm32l4xx_hal.o
LOAD ./Drivers/STM32L4xx_HAL_Driver/Src/stm32l4xx_hal_cortex.o
LOAD ./Drivers/STM32L4xx_HAL_Driver/Src/stm32l4xx_hal_dma.o
LOAD ./Drivers/STM32L4xx_HAL_Driver/Src/stm32l4xx_hal_dma_ex.o
LOAD ./Drivers/STM32L4xx_HAL_Driver/Src/stm32l4xx_hal_exti.o
LOAD ./Drivers/STM32L4xx_HAL_Driver/Src/stm32l4xx_hal_flash.o
LOAD ./Drivers/STM32L4xx_HAL_Driver/Src/stm32l4xx_hal_flash_ex.o
LOAD ./Drivers/STM32L4xx_HAL_Driver/Src/stm32l4xx_hal_flash_ramfunc.o
LOAD ./Drivers/STM32L4xx_HAL_Driver/Src/stm32l4xx_hal_gpio.o
LOAD ./Drivers/STM32L4xx_HAL_Driver/Src/stm32l4xx_hal_i2c.o
LOAD ./Drivers/STM32L4xx_HAL_Driver/Src/stm32l4xx_hal_i2c_ex.o
LOAD ./Drivers/STM32L4xx_HAL_Driver/Src/stm32l4xx_hal_pcd.o
LOAD ./Drivers/STM32L4xx_HAL_Driver/Src/stm32l4xx_hal_pcd_ex.o
LOAD ./Drivers/STM32L4xx_HAL_Driver/Src/stm32l4xx_hal_pwr.o
LOAD ./Drivers/STM32L4xx_HAL_Driver/Src/stm32l4xx_hal_pwr_ex.o
LOAD ./Drivers/STM32L4xx_HAL_Driver/Src/stm32l4xx_hal_rcc.o
LOAD ./Drivers/STM32L4xx_HAL_Driver/Src/stm32l4xx_hal_rcc_ex.o
LOAD ./Drivers/STM32L4xx_HAL_Driver/Src/stm32l4xx_hal_tim.o
LOAD ./Drivers/STM32L4xx_HAL_Driver/Src/stm32l4xx_hal_tim_ex.o
LOAD ./Drivers/STM32L4xx_HAL_Driver/Src/stm32l4xx_ll_usb.o
LOAD ./Middlewares/ST/STM32_USB_Device_Library/Class/MSC/Src/usbd_msc.o
LOAD ./Middlewares/ST/STM32_USB_Device_Library/Class/MSC/Src/usbd_msc_bot.o
LOAD ./Middlewares/ST/STM32_USB_Device_Library/Class/MSC/Src/usbd_msc_data.o
LOAD ./Middlewares/ST/STM32_USB_Device_Library/Class/MSC/Src/usbd_msc_scsi.o
LOAD ./Middlewares/ST/STM32_USB_Device_Library/Core/Src/usbd_core.o
LOAD ./Middlewares/ST/STM32_USB_Device_Library/Core/Src/usbd_ctlreq.o
LOAD ./Middlewares/ST/STM32_USB_Device_Library/Core/Src/usbd_ioreq.o
LOAD ./USB_DEVICE/App/usb_device.o
LOAD ./USB_DEVICE/App/usbd_desc.o
LOAD ./USB_DEVICE/App/usbd_storage_if.o
LOAD ./USB_DEVICE/Target/usbd_conf.o
START GROUP
LOAD C:/ST/STM32CubeIDE_1.14.1/STM32CubeIDE/plugins/com.st.stm32cube.ide.mcu.externaltools.gnu-tools-for-stm32.11.3.rel1.win32_1.1.100.202309141235/tools/bin/../lib/gcc/arm-none-eabi/11.3.1/../../../../arm-none-eabi/lib/thumb/v7e-m+fp/hard\libc_nano.a
LOAD C:/ST/STM32CubeIDE_1.14.1/STM32CubeIDE/plugins/com.st.stm32cube.ide.mcu.externaltools.gnu-tools-for-stm32.11.3.rel1.win32_1.1.100.202309141235/tools/bin/../lib/gcc/arm-none-eabi/11.3.1/../../../../arm-none-eabi/lib/thumb/v7e-m+fp/hard\libm.a
END GROUP
START GROUP
LOAD C:/ST/STM32CubeIDE_1.14.1/STM32CubeIDE/plugins/com.st.stm32cube.ide.mcu.externaltools.gnu-tools-for-stm32.11.3.rel1.win32_1.1.100.202309141235/tools/bin/../lib/gcc/arm-none-eabi/11.3.1/thumb/v7e-m+fp/hard\libgcc.a
LOAD C:/ST/STM32CubeIDE_1.14.1/STM32CubeIDE/plugins/com.st.stm32cube.ide.mcu.externaltools.gnu-tools-for-stm32.11.3.rel1.win32_1.1.100.202309141235/tools/bin/../lib/gcc/arm-none-eabi/11.3.1/../../../../arm-none-eabi/lib/thumb/v7e-m+fp/hard\libc_nano.a
END GROUP
START GROUP
LOAD C:/ST/STM32CubeIDE_1.14.1/STM32CubeIDE/plugins/com.st.stm32cube.ide.mcu.externaltools.gnu-tools-for-stm32.11.3.rel1.win32_1.1.100.202309141235/tools/bin/../lib/gcc/arm-none-eabi/11.3.1/thumb/v7e-m+fp/hard\libgcc.a
LOAD C:/ST/STM32CubeIDE_1.14.1/STM32CubeIDE/plugins/com.st.stm32cube.ide.mcu.externaltools.gnu-tools-for-stm32.11.3.rel1.win32_1.1.100.202309141235/tools/bin/../lib/gcc/arm-none-eabi/11.3.1/../../../../arm-none-eabi/lib/thumb/v7e-m+fp/hard\libc_nano.a
LOAD C:/ST/STM32CubeIDE_1.14.1/STM32CubeIDE/plugins/com.st.stm32cube.ide.mcu.externaltools.gnu-tools-for-stm32.11.3.rel1.win32_1.1.100.202309141235/tools/bin/../lib/gcc/arm-none-eabi/11.3.1/../../../../arm-none-eabi/lib/thumb/v7e-m+fp/hard\libnosys.a
END GROUP
START GROUP
LOAD C:/ST/STM32CubeIDE_1.14.1/STM32CubeIDE/plugins/com.st.stm32cube.ide.mcu.externaltools.gnu-tools-for-stm32.11.3.rel1.win32_1.1.100.202309141235/tools/bin/../lib/gcc/arm-none-eabi/11.3.1/thumb/v7e-m+fp/hard\libgcc.a
LOAD C:/ST/STM32CubeIDE_1.14.1/STM32CubeIDE/plugins/com.st.stm32cube.ide.mcu.externaltools.gnu-tools-for-stm32.11.3.rel1.win32_1.1.100.202309141235/tools/bin/../lib/gcc/arm-none-eabi/11.3.1/../../../../arm-none-eabi/lib/thumb/v7e-m+fp/hard\libc_nano.a
LOAD C:/ST/STM32CubeIDE_1.14.1/STM32CubeIDE/plugins/com.st.stm32cube.ide.mcu.externaltools.gnu-tools-for-stm32.11.3.rel1.win32_1.1.100.202309141235/tools/bin/../lib/gcc/arm-none-eabi/11.3.1/../../../../arm-none-eabi/lib/thumb/v7e-m+fp/hard\libnosys.a
END GROUP
LOAD C:/ST/STM32CubeIDE_1.14.1/STM32CubeIDE/plugins/com.st.stm32cube.ide.mcu.externaltools.gnu-tools-for-stm32.11.3.rel1.win32_1.1.100.202309141235/tools/bin/../lib/gcc/arm-none-eabi/11.3.1/thumb/v7e-m+fp/hard/crtend.o
LOAD C:/ST/STM32CubeIDE_1.14.1/STM32CubeIDE/plugins/com.st.stm32cube.ide.mcu.externaltools.gnu-tools-for-stm32.11.3.rel1.win32_1.1.100.202309141235/tools/bin/../lib/gcc/arm-none-eabi/11.3.1/thumb/v7e-m+fp/hard/crtn.o
                0x0000000020050000                _estack = (ORIGIN (RAM) + LENGTH (RAM))
                0x0000000000000200                _Min_Heap_Size = 0x200
                0x0000000000000400                _Min_Stack_Size = 0x400

.isr_vector     0x0000000008000000      0x1ac
                0x0000000008000000                . = ALIGN (0x4)
 *(.isr_vector)
 .isr_vector    0x0000000008000000      0x1ac ./Core/Startup/startup_stm32l496zgtxp.o
                0x0000000008000000                g_pfnVectors
                0x00000000080001ac                . = ALIGN (0x4)

.usb_data
 *(.keep.usb_data)

.text           0x00000000080001ac     0x8a88
                0x00000000080001ac                . = ALIGN (0x4)
 *(.text)
 .text          0x00000000080001ac       0x40 C:/ST/STM32CubeIDE_1.14.1/STM32CubeIDE/plugins/com.st.stm32cube.ide.mcu.externaltools.gnu-tools-for-stm32.11.3.rel1.win32_1.1.100.202309141235/tools/bin/../lib/gcc/arm-none-eabi/11.3.1/thumb/v7e-m+fp/hard/crtbegin.o
 *(.text*)
 .text.main     0x00000000080001ec       0x16 ./Core/Src/main.o
                0x00000000080001ec                main
 .text.SystemClock_Config
                0x0000000008000202       0xa0 ./Core/Src/main.o
                0x0000000008000202                SystemClock_Config
 *fill*         0x00000000080002a2        0x2 
 .text.MX_GPIO_Init
                0x00000000080002a4       0x48 ./Core/Src/main.o
 .text.Error_Handler
                0x00000000080002ec        0xa ./Core/Src/main.o
                0x00000000080002ec                Error_Handler
 *fill*         0x00000000080002f6        0x2 
 .text.HAL_MspInit
                0x00000000080002f8       0x48 ./Core/Src/stm32l4xx_hal_msp.o
                0x00000000080002f8                HAL_MspInit
 .text.NMI_Handler
                0x0000000008000340        0x6 ./Core/Src/stm32l4xx_it.o
                0x0000000008000340                NMI_Handler
 .text.HardFault_Handler
                0x0000000008000346        0x6 ./Core/Src/stm32l4xx_it.o
                0x0000000008000346                HardFault_Handler
 .text.MemManage_Handler
                0x000000000800034c        0x6 ./Core/Src/stm32l4xx_it.o
                0x000000000800034c                MemManage_Handler
 .text.BusFault_Handler
                0x0000000008000352        0x6 ./Core/Src/stm32l4xx_it.o
                0x0000000008000352                BusFault_Handler
 .text.UsageFault_Handler
                0x0000000008000358        0x6 ./Core/Src/stm32l4xx_it.o
                0x0000000008000358                UsageFault_Handler
 .text.SVC_Handler
                0x000000000800035e        0xe ./Core/Src/stm32l4xx_it.o
                0x000000000800035e                SVC_Handler
 .text.DebugMon_Handler
                0x000000000800036c        0xe ./Core/Src/stm32l4xx_it.o
                0x000000000800036c                DebugMon_Handler
 .text.PendSV_Handler
                0x000000000800037a        0xe ./Core/Src/stm32l4xx_it.o
                0x000000000800037a                PendSV_Handler
 .text.SysTick_Handler
                0x0000000008000388        0xc ./Core/Src/stm32l4xx_it.o
                0x0000000008000388                SysTick_Handler
 .text.OTG_FS_IRQHandler
                0x0000000008000394       0x14 ./Core/Src/stm32l4xx_it.o
                0x0000000008000394                OTG_FS_IRQHandler
 .text.SystemInit
                0x00000000080003a8       0x24 ./Core/Src/system_stm32l4xx.o
                0x00000000080003a8                SystemInit
 .text.Reset_Handler
                0x00000000080003cc       0x50 ./Core/Startup/startup_stm32l496zgtxp.o
                0x00000000080003cc                Reset_Handler
 .text.Default_Handler
                0x000000000800041c        0x2 ./Core/Startup/startup_stm32l496zgtxp.o
                0x000000000800041c                RTC_Alarm_IRQHandler
                0x000000000800041c                EXTI2_IRQHandler
                0x000000000800041c                TIM8_TRG_COM_IRQHandler
                0x000000000800041c                TIM8_CC_IRQHandler
                0x000000000800041c                TIM1_CC_IRQHandler
                0x000000000800041c                TSC_IRQHandler
                0x000000000800041c                TAMP_STAMP_IRQHandler
                0x000000000800041c                CAN2_RX1_IRQHandler
                0x000000000800041c                EXTI3_IRQHandler
                0x000000000800041c                LPTIM2_IRQHandler
                0x000000000800041c                DFSDM1_FLT1_IRQHandler
                0x000000000800041c                I2C3_ER_IRQHandler
                0x000000000800041c                DFSDM1_FLT2_IRQHandler
                0x000000000800041c                EXTI0_IRQHandler
                0x000000000800041c                I2C2_EV_IRQHandler
                0x000000000800041c                CAN1_RX0_IRQHandler
                0x000000000800041c                FPU_IRQHandler
                0x000000000800041c                TIM1_UP_TIM16_IRQHandler
                0x000000000800041c                CAN2_SCE_IRQHandler
                0x000000000800041c                ADC1_2_IRQHandler
                0x000000000800041c                SPI1_IRQHandler
                0x000000000800041c                TIM6_DAC_IRQHandler
                0x000000000800041c                DCMI_IRQHandler
                0x000000000800041c                CAN2_RX0_IRQHandler
                0x000000000800041c                TIM8_UP_IRQHandler
                0x000000000800041c                DMA2_Channel2_IRQHandler
                0x000000000800041c                DMA1_Channel4_IRQHandler
                0x000000000800041c                SAI2_IRQHandler
                0x000000000800041c                DFSDM1_FLT3_IRQHandler
                0x000000000800041c                USART3_IRQHandler
                0x000000000800041c                DMA1_Channel7_IRQHandler
                0x000000000800041c                CAN1_RX1_IRQHandler
                0x000000000800041c                LCD_IRQHandler
                0x000000000800041c                UART5_IRQHandler
                0x000000000800041c                ADC3_IRQHandler
                0x000000000800041c                TIM4_IRQHandler
                0x000000000800041c                DMA2_Channel1_IRQHandler
                0x000000000800041c                QUADSPI_IRQHandler
                0x000000000800041c                I2C1_EV_IRQHandler
                0x000000000800041c                DMA1_Channel6_IRQHandler
                0x000000000800041c                UART4_IRQHandler
                0x000000000800041c                DMA2_Channel4_IRQHandler
                0x000000000800041c                TIM3_IRQHandler
                0x000000000800041c                RCC_IRQHandler
                0x000000000800041c                DMA1_Channel1_IRQHandler
                0x000000000800041c                Default_Handler
                0x000000000800041c                DMA2_Channel7_IRQHandler
                0x000000000800041c                EXTI15_10_IRQHandler
                0x000000000800041c                TIM7_IRQHandler
                0x000000000800041c                SDMMC1_IRQHandler
                0x000000000800041c                CAN2_TX_IRQHandler
                0x000000000800041c                TIM5_IRQHandler
                0x000000000800041c                I2C3_EV_IRQHandler
                0x000000000800041c                EXTI9_5_IRQHandler
                0x000000000800041c                RTC_WKUP_IRQHandler
                0x000000000800041c                PVD_PVM_IRQHandler
                0x000000000800041c                SPI2_IRQHandler
                0x000000000800041c                CAN1_TX_IRQHandler
                0x000000000800041c                DMA2_Channel5_IRQHandler
                0x000000000800041c                CRS_IRQHandler
                0x000000000800041c                DMA1_Channel5_IRQHandler
                0x000000000800041c                EXTI4_IRQHandler
                0x000000000800041c                RNG_IRQHandler
                0x000000000800041c                TIM1_TRG_COM_TIM17_IRQHandler
                0x000000000800041c                DMA1_Channel3_IRQHandler
                0x000000000800041c                COMP_IRQHandler
                0x000000000800041c                WWDG_IRQHandler
                0x000000000800041c                I2C4_EV_IRQHandler
                0x000000000800041c                LPUART1_IRQHandler
                0x000000000800041c                DMA2_Channel6_IRQHandler
                0x000000000800041c                TIM2_IRQHandler
                0x000000000800041c                EXTI1_IRQHandler
                0x000000000800041c                USART2_IRQHandler
                0x000000000800041c                DFSDM1_FLT0_IRQHandler
                0x000000000800041c                I2C2_ER_IRQHandler
                0x000000000800041c                DMA1_Channel2_IRQHandler
                0x000000000800041c                TIM8_BRK_IRQHandler
                0x000000000800041c                CAN1_SCE_IRQHandler
                0x000000000800041c                FLASH_IRQHandler
                0x000000000800041c                USART1_IRQHandler
                0x000000000800041c                SPI3_IRQHandler
                0x000000000800041c                I2C1_ER_IRQHandler
                0x000000000800041c                FMC_IRQHandler
                0x000000000800041c                SWPMI1_IRQHandler
                0x000000000800041c                LPTIM1_IRQHandler
                0x000000000800041c                I2C4_ER_IRQHandler
                0x000000000800041c                SAI1_IRQHandler
                0x000000000800041c                DMA2_Channel3_IRQHandler
                0x000000000800041c                TIM1_BRK_TIM15_IRQHandler
 .text.HAL_Init
                0x000000000800041e       0x30 ./Drivers/STM32L4xx_HAL_Driver/Src/stm32l4xx_hal.o
                0x000000000800041e                HAL_Init
 *fill*         0x000000000800044e        0x2 
 .text.HAL_InitTick
                0x0000000008000450       0x78 ./Drivers/STM32L4xx_HAL_Driver/Src/stm32l4xx_hal.o
                0x0000000008000450                HAL_InitTick
 .text.HAL_IncTick
                0x00000000080004c8       0x28 ./Drivers/STM32L4xx_HAL_Driver/Src/stm32l4xx_hal.o
                0x00000000080004c8                HAL_IncTick
 .text.HAL_GetTick
                0x00000000080004f0       0x18 ./Drivers/STM32L4xx_HAL_Driver/Src/stm32l4xx_hal.o
                0x00000000080004f0                HAL_GetTick
 .text.HAL_Delay
                0x0000000008000508       0x48 ./Drivers/STM32L4xx_HAL_Driver/Src/stm32l4xx_hal.o
                0x0000000008000508                HAL_Delay
 .text.__NVIC_SetPriorityGrouping
                0x0000000008000550       0x48 ./Drivers/STM32L4xx_HAL_Driver/Src/stm32l4xx_hal_cortex.o
 .text.__NVIC_GetPriorityGrouping
                0x0000000008000598       0x1c ./Drivers/STM32L4xx_HAL_Driver/Src/stm32l4xx_hal_cortex.o
 .text.__NVIC_EnableIRQ
                0x00000000080005b4       0x3c ./Drivers/STM32L4xx_HAL_Driver/Src/stm32l4xx_hal_cortex.o
 .text.__NVIC_SetPriority
                0x00000000080005f0       0x54 ./Drivers/STM32L4xx_HAL_Driver/Src/stm32l4xx_hal_cortex.o
 .text.NVIC_EncodePriority
                0x0000000008000644       0x66 ./Drivers/STM32L4xx_HAL_Driver/Src/stm32l4xx_hal_cortex.o
 *fill*         0x00000000080006aa        0x2 
 .text.SysTick_Config
                0x00000000080006ac       0x44 ./Drivers/STM32L4xx_HAL_Driver/Src/stm32l4xx_hal_cortex.o
 .text.HAL_NVIC_SetPriorityGrouping
                0x00000000080006f0       0x16 ./Drivers/STM32L4xx_HAL_Driver/Src/stm32l4xx_hal_cortex.o
                0x00000000080006f0                HAL_NVIC_SetPriorityGrouping
 .text.HAL_NVIC_SetPriority
                0x0000000008000706       0x38 ./Drivers/STM32L4xx_HAL_Driver/Src/stm32l4xx_hal_cortex.o
                0x0000000008000706                HAL_NVIC_SetPriority
 .text.HAL_NVIC_EnableIRQ
                0x000000000800073e       0x1c ./Drivers/STM32L4xx_HAL_Driver/Src/stm32l4xx_hal_cortex.o
                0x000000000800073e                HAL_NVIC_EnableIRQ
 .text.HAL_SYSTICK_Config
                0x000000000800075a       0x18 ./Drivers/STM32L4xx_HAL_Driver/Src/stm32l4xx_hal_cortex.o
                0x000000000800075a                HAL_SYSTICK_Config
 *fill*         0x0000000008000772        0x2 
 .text.HAL_GPIO_Init
                0x0000000008000774      0x324 ./Drivers/STM32L4xx_HAL_Driver/Src/stm32l4xx_hal_gpio.o
                0x0000000008000774                HAL_GPIO_Init
 .text.HAL_PCD_Init
                0x0000000008000a98      0x248 ./Drivers/STM32L4xx_HAL_Driver/Src/stm32l4xx_hal_pcd.o
                0x0000000008000a98                HAL_PCD_Init
 .text.HAL_PCD_Start
                0x0000000008000ce0       0x5e ./Drivers/STM32L4xx_HAL_Driver/Src/stm32l4xx_hal_pcd.o
                0x0000000008000ce0                HAL_PCD_Start
 .text.HAL_PCD_IRQHandler
                0x0000000008000d3e      0x926 ./Drivers/STM32L4xx_HAL_Driver/Src/stm32l4xx_hal_pcd.o
                0x0000000008000d3e                HAL_PCD_IRQHandler
 .text.HAL_PCD_SetAddress
                0x0000000008001664       0x4a ./Drivers/STM32L4xx_HAL_Driver/Src/stm32l4xx_hal_pcd.o
                0x0000000008001664                HAL_PCD_SetAddress
 .text.HAL_PCD_EP_Open
                0x00000000080016ae       0xd0 ./Drivers/STM32L4xx_HAL_Driver/Src/stm32l4xx_hal_pcd.o
                0x00000000080016ae                HAL_PCD_EP_Open
 .text.HAL_PCD_EP_Close
                0x000000000800177e       0x94 ./Drivers/STM32L4xx_HAL_Driver/Src/stm32l4xx_hal_pcd.o
                0x000000000800177e                HAL_PCD_EP_Close
 .text.HAL_PCD_EP_Receive
                0x0000000008001812       0x64 ./Drivers/STM32L4xx_HAL_Driver/Src/stm32l4xx_hal_pcd.o
                0x0000000008001812                HAL_PCD_EP_Receive
 .text.HAL_PCD_EP_GetRxCount
                0x0000000008001876       0x30 ./Drivers/STM32L4xx_HAL_Driver/Src/stm32l4xx_hal_pcd.o
                0x0000000008001876                HAL_PCD_EP_GetRxCount
 .text.HAL_PCD_EP_Transmit
                0x00000000080018a6       0x62 ./Drivers/STM32L4xx_HAL_Driver/Src/stm32l4xx_hal_pcd.o
                0x00000000080018a6                HAL_PCD_EP_Transmit
 .text.HAL_PCD_EP_SetStall
                0x0000000008001908       0xc4 ./Drivers/STM32L4xx_HAL_Driver/Src/stm32l4xx_hal_pcd.o
                0x0000000008001908                HAL_PCD_EP_SetStall
 .text.HAL_PCD_EP_ClrStall
                0x00000000080019cc       0xac ./Drivers/STM32L4xx_HAL_Driver/Src/stm32l4xx_hal_pcd.o
                0x00000000080019cc                HAL_PCD_EP_ClrStall
 .text.HAL_PCD_EP_Abort
                0x0000000008001a78       0x62 ./Drivers/STM32L4xx_HAL_Driver/Src/stm32l4xx_hal_pcd.o
                0x0000000008001a78                HAL_PCD_EP_Abort
 .text.HAL_PCD_EP_Flush
                0x0000000008001ada       0x5a ./Drivers/STM32L4xx_HAL_Driver/Src/stm32l4xx_hal_pcd.o
                0x0000000008001ada                HAL_PCD_EP_Flush
 .text.PCD_WriteEmptyTxFifo
                0x0000000008001b34      0x110 ./Drivers/STM32L4xx_HAL_Driver/Src/stm32l4xx_hal_pcd.o
 .text.PCD_EP_OutXfrComplete_int
                0x0000000008001c44       0x9c ./Drivers/STM32L4xx_HAL_Driver/Src/stm32l4xx_hal_pcd.o
 .text.PCD_EP_OutSetupPacket_int
                0x0000000008001ce0       0x68 ./Drivers/STM32L4xx_HAL_Driver/Src/stm32l4xx_hal_pcd.o
 .text.HAL_PCDEx_SetTxFiFo
                0x0000000008001d48       0x8e ./Drivers/STM32L4xx_HAL_Driver/Src/stm32l4xx_hal_pcd_ex.o
                0x0000000008001d48                HAL_PCDEx_SetTxFiFo
 .text.HAL_PCDEx_SetRxFiFo
                0x0000000008001dd6       0x22 ./Drivers/STM32L4xx_HAL_Driver/Src/stm32l4xx_hal_pcd_ex.o
                0x0000000008001dd6                HAL_PCDEx_SetRxFiFo
 .text.HAL_PCDEx_ActivateLPM
                0x0000000008001df8       0x48 ./Drivers/STM32L4xx_HAL_Driver/Src/stm32l4xx_hal_pcd_ex.o
                0x0000000008001df8                HAL_PCDEx_ActivateLPM
 .text.HAL_PWREx_GetVoltageRange
                0x0000000008001e40       0x1c ./Drivers/STM32L4xx_HAL_Driver/Src/stm32l4xx_hal_pwr_ex.o
                0x0000000008001e40                HAL_PWREx_GetVoltageRange
 .text.HAL_PWREx_ControlVoltageScaling
                0x0000000008001e5c       0xac ./Drivers/STM32L4xx_HAL_Driver/Src/stm32l4xx_hal_pwr_ex.o
                0x0000000008001e5c                HAL_PWREx_ControlVoltageScaling
 .text.HAL_PWREx_EnableVddUSB
                0x0000000008001f08       0x20 ./Drivers/STM32L4xx_HAL_Driver/Src/stm32l4xx_hal_pwr_ex.o
                0x0000000008001f08                HAL_PWREx_EnableVddUSB
 .text.HAL_RCC_OscConfig
                0x0000000008001f28      0x834 ./Drivers/STM32L4xx_HAL_Driver/Src/stm32l4xx_hal_rcc.o
                0x0000000008001f28                HAL_RCC_OscConfig
 .text.HAL_RCC_ClockConfig
                0x000000000800275c      0x200 ./Drivers/STM32L4xx_HAL_Driver/Src/stm32l4xx_hal_rcc.o
                0x000000000800275c                HAL_RCC_ClockConfig
 .text.HAL_RCC_GetSysClockFreq
                0x000000000800295c      0x118 ./Drivers/STM32L4xx_HAL_Driver/Src/stm32l4xx_hal_rcc.o
                0x000000000800295c                HAL_RCC_GetSysClockFreq
 .text.HAL_RCC_GetHCLKFreq
                0x0000000008002a74       0x18 ./Drivers/STM32L4xx_HAL_Driver/Src/stm32l4xx_hal_rcc.o
                0x0000000008002a74                HAL_RCC_GetHCLKFreq
 .text.RCC_SetFlashLatencyFromMSIRange
                0x0000000008002a8c       0xc0 ./Drivers/STM32L4xx_HAL_Driver/Src/stm32l4xx_hal_rcc.o
 .text.HAL_RCCEx_PeriphCLKConfig
                0x0000000008002b4c      0x5f8 ./Drivers/STM32L4xx_HAL_Driver/Src/stm32l4xx_hal_rcc_ex.o
                0x0000000008002b4c                HAL_RCCEx_PeriphCLKConfig
 .text.RCCEx_PLLSAI1_Config
                0x0000000008003144      0x1e4 ./Drivers/STM32L4xx_HAL_Driver/Src/stm32l4xx_hal_rcc_ex.o
 .text.RCCEx_PLLSAI2_Config
                0x0000000008003328      0x1b8 ./Drivers/STM32L4xx_HAL_Driver/Src/stm32l4xx_hal_rcc_ex.o
 .text.USB_CoreInit
                0x00000000080034e0       0x58 ./Drivers/STM32L4xx_HAL_Driver/Src/stm32l4xx_ll_usb.o
                0x00000000080034e0                USB_CoreInit
 .text.USB_SetTurnaroundTime
                0x0000000008003538      0x138 ./Drivers/STM32L4xx_HAL_Driver/Src/stm32l4xx_ll_usb.o
                0x0000000008003538                USB_SetTurnaroundTime
 .text.USB_EnableGlobalInt
                0x0000000008003670       0x22 ./Drivers/STM32L4xx_HAL_Driver/Src/stm32l4xx_ll_usb.o
                0x0000000008003670                USB_EnableGlobalInt
 .text.USB_DisableGlobalInt
                0x0000000008003692       0x22 ./Drivers/STM32L4xx_HAL_Driver/Src/stm32l4xx_ll_usb.o
                0x0000000008003692                USB_DisableGlobalInt
 .text.USB_SetCurrentMode
                0x00000000080036b4       0x98 ./Drivers/STM32L4xx_HAL_Driver/Src/stm32l4xx_ll_usb.o
                0x00000000080036b4                USB_SetCurrentMode
 .text.USB_DevInit
                0x000000000800374c      0x284 ./Drivers/STM32L4xx_HAL_Driver/Src/stm32l4xx_ll_usb.o
                0x000000000800374c                USB_DevInit
 .text.USB_FlushTxFifo
                0x00000000080039d0       0x68 ./Drivers/STM32L4xx_HAL_Driver/Src/stm32l4xx_ll_usb.o
                0x00000000080039d0                USB_FlushTxFifo
 .text.USB_FlushRxFifo
                0x0000000008003a38       0x60 ./Drivers/STM32L4xx_HAL_Driver/Src/stm32l4xx_ll_usb.o
                0x0000000008003a38                USB_FlushRxFifo
 .text.USB_SetDevSpeed
                0x0000000008003a98       0x32 ./Drivers/STM32L4xx_HAL_Driver/Src/stm32l4xx_ll_usb.o
                0x0000000008003a98                USB_SetDevSpeed
 .text.USB_GetDevSpeed
                0x0000000008003aca       0x3e ./Drivers/STM32L4xx_HAL_Driver/Src/stm32l4xx_ll_usb.o
                0x0000000008003aca                USB_GetDevSpeed
 .text.USB_ActivateEndpoint
                0x0000000008003b08      0x10e ./Drivers/STM32L4xx_HAL_Driver/Src/stm32l4xx_ll_usb.o
                0x0000000008003b08                USB_ActivateEndpoint
 *fill*         0x0000000008003c16        0x2 
 .text.USB_DeactivateEndpoint
                0x0000000008003c18      0x1b8 ./Drivers/STM32L4xx_HAL_Driver/Src/stm32l4xx_ll_usb.o
                0x0000000008003c18                USB_DeactivateEndpoint
 .text.USB_EPStartXfer
                0x0000000008003dd0      0x464 ./Drivers/STM32L4xx_HAL_Driver/Src/stm32l4xx_ll_usb.o
                0x0000000008003dd0                USB_EPStartXfer
 .text.USB_EPStopXfer
                0x0000000008004234      0x154 ./Drivers/STM32L4xx_HAL_Driver/Src/stm32l4xx_ll_usb.o
                0x0000000008004234                USB_EPStopXfer
 .text.USB_WritePacket
                0x0000000008004388       0x74 ./Drivers/STM32L4xx_HAL_Driver/Src/stm32l4xx_ll_usb.o
                0x0000000008004388                USB_WritePacket
 .text.USB_ReadPacket
                0x00000000080043fc       0xb0 ./Drivers/STM32L4xx_HAL_Driver/Src/stm32l4xx_ll_usb.o
                0x00000000080043fc                USB_ReadPacket
 .text.USB_EPSetStall
                0x00000000080044ac       0xdc ./Drivers/STM32L4xx_HAL_Driver/Src/stm32l4xx_ll_usb.o
                0x00000000080044ac                USB_EPSetStall
 .text.USB_EPClearStall
                0x0000000008004588       0xcc ./Drivers/STM32L4xx_HAL_Driver/Src/stm32l4xx_ll_usb.o
                0x0000000008004588                USB_EPClearStall
 .text.USB_SetDevAddress
                0x0000000008004654       0x4c ./Drivers/STM32L4xx_HAL_Driver/Src/stm32l4xx_ll_usb.o
                0x0000000008004654                USB_SetDevAddress
 .text.USB_DevConnect
                0x00000000080046a0       0x42 ./Drivers/STM32L4xx_HAL_Driver/Src/stm32l4xx_ll_usb.o
                0x00000000080046a0                USB_DevConnect
 .text.USB_DevDisconnect
                0x00000000080046e2       0x42 ./Drivers/STM32L4xx_HAL_Driver/Src/stm32l4xx_ll_usb.o
                0x00000000080046e2                USB_DevDisconnect
 .text.USB_ReadInterrupts
                0x0000000008004724       0x26 ./Drivers/STM32L4xx_HAL_Driver/Src/stm32l4xx_ll_usb.o
                0x0000000008004724                USB_ReadInterrupts
 .text.USB_ReadDevAllOutEpInterrupt
                0x000000000800474a       0x34 ./Drivers/STM32L4xx_HAL_Driver/Src/stm32l4xx_ll_usb.o
                0x000000000800474a                USB_ReadDevAllOutEpInterrupt
 .text.USB_ReadDevAllInEpInterrupt
                0x000000000800477e       0x34 ./Drivers/STM32L4xx_HAL_Driver/Src/stm32l4xx_ll_usb.o
                0x000000000800477e                USB_ReadDevAllInEpInterrupt
 .text.USB_ReadDevOutEPInterrupt
                0x00000000080047b2       0x3c ./Drivers/STM32L4xx_HAL_Driver/Src/stm32l4xx_ll_usb.o
                0x00000000080047b2                USB_ReadDevOutEPInterrupt
 .text.USB_ReadDevInEPInterrupt
                0x00000000080047ee       0x5c ./Drivers/STM32L4xx_HAL_Driver/Src/stm32l4xx_ll_usb.o
                0x00000000080047ee                USB_ReadDevInEPInterrupt
 .text.USB_GetMode
                0x000000000800484a       0x1c ./Drivers/STM32L4xx_HAL_Driver/Src/stm32l4xx_ll_usb.o
                0x000000000800484a                USB_GetMode
 .text.USB_ActivateSetup
                0x0000000008004866       0x46 ./Drivers/STM32L4xx_HAL_Driver/Src/stm32l4xx_ll_usb.o
                0x0000000008004866                USB_ActivateSetup
 .text.USB_EP0_OutStart
                0x00000000080048ac       0x90 ./Drivers/STM32L4xx_HAL_Driver/Src/stm32l4xx_ll_usb.o
                0x00000000080048ac                USB_EP0_OutStart
 .text.USB_CoreReset
                0x000000000800493c       0x68 ./Drivers/STM32L4xx_HAL_Driver/Src/stm32l4xx_ll_usb.o
 .text.USBD_MSC_Init
                0x00000000080049a4      0x120 ./Middlewares/ST/STM32_USB_Device_Library/Class/MSC/Src/usbd_msc.o
                0x00000000080049a4                USBD_MSC_Init
 .text.USBD_MSC_DeInit
                0x0000000008004ac4       0xb0 ./Middlewares/ST/STM32_USB_Device_Library/Class/MSC/Src/usbd_msc.o
                0x0000000008004ac4                USBD_MSC_DeInit
 .text.USBD_MSC_Setup
                0x0000000008004b74      0x1f8 ./Middlewares/ST/STM32_USB_Device_Library/Class/MSC/Src/usbd_msc.o
                0x0000000008004b74                USBD_MSC_Setup
 .text.USBD_MSC_DataIn
                0x0000000008004d6c       0x20 ./Middlewares/ST/STM32_USB_Device_Library/Class/MSC/Src/usbd_msc.o
                0x0000000008004d6c                USBD_MSC_DataIn
 .text.USBD_MSC_DataOut
                0x0000000008004d8c       0x20 ./Middlewares/ST/STM32_USB_Device_Library/Class/MSC/Src/usbd_msc.o
                0x0000000008004d8c                USBD_MSC_DataOut
 .text.USBD_MSC_GetHSCfgDesc
                0x0000000008004dac       0x58 ./Middlewares/ST/STM32_USB_Device_Library/Class/MSC/Src/usbd_msc.o
                0x0000000008004dac                USBD_MSC_GetHSCfgDesc
 .text.USBD_MSC_GetFSCfgDesc
                0x0000000008004e04       0x58 ./Middlewares/ST/STM32_USB_Device_Library/Class/MSC/Src/usbd_msc.o
                0x0000000008004e04                USBD_MSC_GetFSCfgDesc
 .text.USBD_MSC_GetOtherSpeedCfgDesc
                0x0000000008004e5c       0x58 ./Middlewares/ST/STM32_USB_Device_Library/Class/MSC/Src/usbd_msc.o
                0x0000000008004e5c                USBD_MSC_GetOtherSpeedCfgDesc
 .text.USBD_MSC_GetDeviceQualifierDescriptor
                0x0000000008004eb4       0x20 ./Middlewares/ST/STM32_USB_Device_Library/Class/MSC/Src/usbd_msc.o
                0x0000000008004eb4                USBD_MSC_GetDeviceQualifierDescriptor
 .text.USBD_MSC_RegisterStorage
                0x0000000008004ed4       0x34 ./Middlewares/ST/STM32_USB_Device_Library/Class/MSC/Src/usbd_msc.o
                0x0000000008004ed4                USBD_MSC_RegisterStorage
 .text.MSC_BOT_Init
                0x0000000008004f08       0x94 ./Middlewares/ST/STM32_USB_Device_Library/Class/MSC/Src/usbd_msc_bot.o
                0x0000000008004f08                MSC_BOT_Init
 .text.MSC_BOT_Reset
                0x0000000008004f9c       0x68 ./Middlewares/ST/STM32_USB_Device_Library/Class/MSC/Src/usbd_msc_bot.o
                0x0000000008004f9c                MSC_BOT_Reset
 .text.MSC_BOT_DeInit
                0x0000000008005004       0x30 ./Middlewares/ST/STM32_USB_Device_Library/Class/MSC/Src/usbd_msc_bot.o
                0x0000000008005004                MSC_BOT_DeInit
 .text.MSC_BOT_DataIn
                0x0000000008005034       0x74 ./Middlewares/ST/STM32_USB_Device_Library/Class/MSC/Src/usbd_msc_bot.o
                0x0000000008005034                MSC_BOT_DataIn
 .text.MSC_BOT_DataOut
                0x00000000080050a8       0x68 ./Middlewares/ST/STM32_USB_Device_Library/Class/MSC/Src/usbd_msc_bot.o
                0x00000000080050a8                MSC_BOT_DataOut
 .text.MSC_BOT_CBW_Decode
                0x0000000008005110      0x128 ./Middlewares/ST/STM32_USB_Device_Library/Class/MSC/Src/usbd_msc_bot.o
 .text.MSC_BOT_SendData
                0x0000000008005238       0x6c ./Middlewares/ST/STM32_USB_Device_Library/Class/MSC/Src/usbd_msc_bot.o
 .text.MSC_BOT_SendCSW
                0x00000000080052a4       0x74 ./Middlewares/ST/STM32_USB_Device_Library/Class/MSC/Src/usbd_msc_bot.o
                0x00000000080052a4                MSC_BOT_SendCSW
 .text.MSC_BOT_Abort
                0x0000000008005318       0x84 ./Middlewares/ST/STM32_USB_Device_Library/Class/MSC/Src/usbd_msc_bot.o
 .text.MSC_BOT_CplClrFeature
                0x000000000800539c       0x74 ./Middlewares/ST/STM32_USB_Device_Library/Class/MSC/Src/usbd_msc_bot.o
                0x000000000800539c                MSC_BOT_CplClrFeature
 .text.SCSI_ProcessCmd
                0x0000000008005410      0x304 ./Middlewares/ST/STM32_USB_Device_Library/Class/MSC/Src/usbd_msc_scsi.o
                0x0000000008005410                SCSI_ProcessCmd
 .text.SCSI_TestUnitReady
                0x0000000008005714       0xb2 ./Middlewares/ST/STM32_USB_Device_Library/Class/MSC/Src/usbd_msc_scsi.o
 *fill*         0x00000000080057c6        0x2 
 .text.SCSI_Inquiry
                0x00000000080057c8       0xfc ./Middlewares/ST/STM32_USB_Device_Library/Class/MSC/Src/usbd_msc_scsi.o
 .text.SCSI_ReadCapacity10
                0x00000000080058c4       0xfc ./Middlewares/ST/STM32_USB_Device_Library/Class/MSC/Src/usbd_msc_scsi.o
 .text.SCSI_ReadCapacity16
                0x00000000080059c0      0x168 ./Middlewares/ST/STM32_USB_Device_Library/Class/MSC/Src/usbd_msc_scsi.o
 .text.SCSI_ReadFormatCapacity
                0x0000000008005b28       0xf6 ./Middlewares/ST/STM32_USB_Device_Library/Class/MSC/Src/usbd_msc_scsi.o
 *fill*         0x0000000008005c1e        0x2 
 .text.SCSI_ModeSense6
                0x0000000008005c20       0x60 ./Middlewares/ST/STM32_USB_Device_Library/Class/MSC/Src/usbd_msc_scsi.o
 .text.SCSI_ModeSense10
                0x0000000008005c80       0x60 ./Middlewares/ST/STM32_USB_Device_Library/Class/MSC/Src/usbd_msc_scsi.o
 .text.SCSI_RequestSense
                0x0000000008005ce0      0x106 ./Middlewares/ST/STM32_USB_Device_Library/Class/MSC/Src/usbd_msc_scsi.o
 .text.SCSI_SenseCode
                0x0000000008005de6       0x96 ./Middlewares/ST/STM32_USB_Device_Library/Class/MSC/Src/usbd_msc_scsi.o
                0x0000000008005de6                SCSI_SenseCode
 .text.SCSI_StartStopUnit
                0x0000000008005e7c       0xaa ./Middlewares/ST/STM32_USB_Device_Library/Class/MSC/Src/usbd_msc_scsi.o
 .text.SCSI_AllowPreventRemovable
                0x0000000008005f26       0x5a ./Middlewares/ST/STM32_USB_Device_Library/Class/MSC/Src/usbd_msc_scsi.o
 .text.SCSI_Read10
                0x0000000008005f80      0x154 ./Middlewares/ST/STM32_USB_Device_Library/Class/MSC/Src/usbd_msc_scsi.o
 .text.SCSI_Read12
                0x00000000080060d4      0x168 ./Middlewares/ST/STM32_USB_Device_Library/Class/MSC/Src/usbd_msc_scsi.o
 .text.SCSI_Write10
                0x000000000800623c      0x1ac ./Middlewares/ST/STM32_USB_Device_Library/Class/MSC/Src/usbd_msc_scsi.o
 .text.SCSI_Write12
                0x00000000080063e8      0x1cc ./Middlewares/ST/STM32_USB_Device_Library/Class/MSC/Src/usbd_msc_scsi.o
 .text.SCSI_Verify10
                0x00000000080065b4       0x7a ./Middlewares/ST/STM32_USB_Device_Library/Class/MSC/Src/usbd_msc_scsi.o
 .text.SCSI_CheckAddressRange
                0x000000000800662e       0x58 ./Middlewares/ST/STM32_USB_Device_Library/Class/MSC/Src/usbd_msc_scsi.o
 *fill*         0x0000000008006686        0x2 
 .text.SCSI_ProcessRead
                0x0000000008006688      0x10c ./Middlewares/ST/STM32_USB_Device_Library/Class/MSC/Src/usbd_msc_scsi.o
 .text.SCSI_ProcessWrite
                0x0000000008006794      0x12c ./Middlewares/ST/STM32_USB_Device_Library/Class/MSC/Src/usbd_msc_scsi.o
 .text.SCSI_UpdateBotData
                0x00000000080068c0       0x52 ./Middlewares/ST/STM32_USB_Device_Library/Class/MSC/Src/usbd_msc_scsi.o
 .text.USBD_Init
                0x0000000008006912       0x60 ./Middlewares/ST/STM32_USB_Device_Library/Core/Src/usbd_core.o
                0x0000000008006912                USBD_Init
 .text.USBD_RegisterClass
                0x0000000008006972       0x6c ./Middlewares/ST/STM32_USB_Device_Library/Core/Src/usbd_core.o
                0x0000000008006972                USBD_RegisterClass
 .text.USBD_Start
                0x00000000080069de       0x18 ./Middlewares/ST/STM32_USB_Device_Library/Core/Src/usbd_core.o
                0x00000000080069de                USBD_Start
 .text.USBD_RunTestMode
                0x00000000080069f6       0x16 ./Middlewares/ST/STM32_USB_Device_Library/Core/Src/usbd_core.o
                0x00000000080069f6                USBD_RunTestMode
 .text.USBD_SetClassConfig
                0x0000000008006a0c       0x38 ./Middlewares/ST/STM32_USB_Device_Library/Core/Src/usbd_core.o
                0x0000000008006a0c                USBD_SetClassConfig
 .text.USBD_ClrClassConfig
                0x0000000008006a44       0x34 ./Middlewares/ST/STM32_USB_Device_Library/Core/Src/usbd_core.o
                0x0000000008006a44                USBD_ClrClassConfig
 .text.USBD_LL_SetupStage
                0x0000000008006a78       0xaa ./Middlewares/ST/STM32_USB_Device_Library/Core/Src/usbd_core.o
                0x0000000008006a78                USBD_LL_SetupStage
 .text.USBD_LL_DataOutStage
                0x0000000008006b22      0x166 ./Middlewares/ST/STM32_USB_Device_Library/Core/Src/usbd_core.o
                0x0000000008006b22                USBD_LL_DataOutStage
 .text.USBD_LL_DataInStage
                0x0000000008006c88      0x164 ./Middlewares/ST/STM32_USB_Device_Library/Core/Src/usbd_core.o
                0x0000000008006c88                USBD_LL_DataInStage
 .text.USBD_LL_Reset
                0x0000000008006dec       0xa4 ./Middlewares/ST/STM32_USB_Device_Library/Core/Src/usbd_core.o
                0x0000000008006dec                USBD_LL_Reset
 .text.USBD_LL_SetSpeed
                0x0000000008006e90       0x20 ./Middlewares/ST/STM32_USB_Device_Library/Core/Src/usbd_core.o
                0x0000000008006e90                USBD_LL_SetSpeed
 .text.USBD_LL_Suspend
                0x0000000008006eb0       0x38 ./Middlewares/ST/STM32_USB_Device_Library/Core/Src/usbd_core.o
                0x0000000008006eb0                USBD_LL_Suspend
 .text.USBD_LL_Resume
                0x0000000008006ee8       0x30 ./Middlewares/ST/STM32_USB_Device_Library/Core/Src/usbd_core.o
                0x0000000008006ee8                USBD_LL_Resume
 .text.USBD_LL_SOF
                0x0000000008006f18       0x40 ./Middlewares/ST/STM32_USB_Device_Library/Core/Src/usbd_core.o
                0x0000000008006f18                USBD_LL_SOF
 .text.USBD_LL_IsoINIncomplete
                0x0000000008006f58       0x64 ./Middlewares/ST/STM32_USB_Device_Library/Core/Src/usbd_core.o
                0x0000000008006f58                USBD_LL_IsoINIncomplete
 .text.USBD_LL_IsoOUTIncomplete
                0x0000000008006fbc       0x64 ./Middlewares/ST/STM32_USB_Device_Library/Core/Src/usbd_core.o
                0x0000000008006fbc                USBD_LL_IsoOUTIncomplete
 .text.USBD_LL_DevConnected
                0x0000000008007020       0x16 ./Middlewares/ST/STM32_USB_Device_Library/Core/Src/usbd_core.o
                0x0000000008007020                USBD_LL_DevConnected
 .text.USBD_LL_DevDisconnected
                0x0000000008007036       0x46 ./Middlewares/ST/STM32_USB_Device_Library/Core/Src/usbd_core.o
                0x0000000008007036                USBD_LL_DevDisconnected
 .text.USBD_CoreFindIF
                0x000000000800707c       0x1a ./Middlewares/ST/STM32_USB_Device_Library/Core/Src/usbd_core.o
                0x000000000800707c                USBD_CoreFindIF
 .text.USBD_CoreFindEP
                0x0000000008007096       0x1a ./Middlewares/ST/STM32_USB_Device_Library/Core/Src/usbd_core.o
                0x0000000008007096                USBD_CoreFindEP
 .text.USBD_GetEpDesc
                0x00000000080070b0       0x74 ./Middlewares/ST/STM32_USB_Device_Library/Core/Src/usbd_core.o
                0x00000000080070b0                USBD_GetEpDesc
 .text.USBD_GetNextDesc
                0x0000000008007124       0x3a ./Middlewares/ST/STM32_USB_Device_Library/Core/Src/usbd_core.o
                0x0000000008007124                USBD_GetNextDesc
 .text.SWAPBYTE
                0x000000000800715e       0x3c ./Middlewares/ST/STM32_USB_Device_Library/Core/Src/usbd_ctlreq.o
 *fill*         0x000000000800719a        0x2 
 .text.USBD_StdDevReq
                0x000000000800719c       0xe4 ./Middlewares/ST/STM32_USB_Device_Library/Core/Src/usbd_ctlreq.o
                0x000000000800719c                USBD_StdDevReq
 .text.USBD_StdItfReq
                0x0000000008007280       0xd8 ./Middlewares/ST/STM32_USB_Device_Library/Core/Src/usbd_ctlreq.o
                0x0000000008007280                USBD_StdItfReq
 .text.USBD_StdEPReq
                0x0000000008007358      0x33a ./Middlewares/ST/STM32_USB_Device_Library/Core/Src/usbd_ctlreq.o
                0x0000000008007358                USBD_StdEPReq
 *fill*         0x0000000008007692        0x2 
 .text.USBD_GetDescriptor
                0x0000000008007694      0x328 ./Middlewares/ST/STM32_USB_Device_Library/Core/Src/usbd_ctlreq.o
 .text.USBD_SetAddress
                0x00000000080079bc       0x88 ./Middlewares/ST/STM32_USB_Device_Library/Core/Src/usbd_ctlreq.o
 .text.USBD_SetConfig
                0x0000000008007a44      0x154 ./Middlewares/ST/STM32_USB_Device_Library/Core/Src/usbd_ctlreq.o
 .text.USBD_GetConfig
                0x0000000008007b98       0x6c ./Middlewares/ST/STM32_USB_Device_Library/Core/Src/usbd_ctlreq.o
 .text.USBD_GetStatus
                0x0000000008007c04       0x68 ./Middlewares/ST/STM32_USB_Device_Library/Core/Src/usbd_ctlreq.o
 .text.USBD_SetFeature
                0x0000000008007c6c       0x52 ./Middlewares/ST/STM32_USB_Device_Library/Core/Src/usbd_ctlreq.o
 .text.USBD_ClrFeature
                0x0000000008007cbe       0x44 ./Middlewares/ST/STM32_USB_Device_Library/Core/Src/usbd_ctlreq.o
 .text.USBD_ParseSetupRequest
                0x0000000008007d02       0x74 ./Middlewares/ST/STM32_USB_Device_Library/Core/Src/usbd_ctlreq.o
                0x0000000008007d02                USBD_ParseSetupRequest
 .text.USBD_CtlError
                0x0000000008007d76       0x22 ./Middlewares/ST/STM32_USB_Device_Library/Core/Src/usbd_ctlreq.o
                0x0000000008007d76                USBD_CtlError
 .text.USBD_GetString
                0x0000000008007d98       0x8c ./Middlewares/ST/STM32_USB_Device_Library/Core/Src/usbd_ctlreq.o
                0x0000000008007d98                USBD_GetString
 .text.USBD_GetLen
                0x0000000008007e24       0x34 ./Middlewares/ST/STM32_USB_Device_Library/Core/Src/usbd_ctlreq.o
 .text.USBD_CtlSendData
                0x0000000008007e58       0x36 ./Middlewares/ST/STM32_USB_Device_Library/Core/Src/usbd_ioreq.o
                0x0000000008007e58                USBD_CtlSendData
 .text.USBD_CtlContinueSendData
                0x0000000008007e8e       0x22 ./Middlewares/ST/STM32_USB_Device_Library/Core/Src/usbd_ioreq.o
                0x0000000008007e8e                USBD_CtlContinueSendData
 .text.USBD_CtlContinueRx
                0x0000000008007eb0       0x22 ./Middlewares/ST/STM32_USB_Device_Library/Core/Src/usbd_ioreq.o
                0x0000000008007eb0                USBD_CtlContinueRx
 .text.USBD_CtlSendStatus
                0x0000000008007ed2       0x26 ./Middlewares/ST/STM32_USB_Device_Library/Core/Src/usbd_ioreq.o
                0x0000000008007ed2                USBD_CtlSendStatus
 .text.USBD_CtlReceiveStatus
                0x0000000008007ef8       0x26 ./Middlewares/ST/STM32_USB_Device_Library/Core/Src/usbd_ioreq.o
                0x0000000008007ef8                USBD_CtlReceiveStatus
 *fill*         0x0000000008007f1e        0x2 
 .text.MX_USB_DEVICE_Init
                0x0000000008007f20       0x60 ./USB_DEVICE/App/usb_device.o
                0x0000000008007f20                MX_USB_DEVICE_Init
 .text.USBD_FS_DeviceDescriptor
                0x0000000008007f80       0x24 ./USB_DEVICE/App/usbd_desc.o
                0x0000000008007f80                USBD_FS_DeviceDescriptor
 .text.USBD_FS_LangIDStrDescriptor
                0x0000000008007fa4       0x24 ./USB_DEVICE/App/usbd_desc.o
                0x0000000008007fa4                USBD_FS_LangIDStrDescriptor
 .text.USBD_FS_ProductStrDescriptor
                0x0000000008007fc8       0x3c ./USB_DEVICE/App/usbd_desc.o
                0x0000000008007fc8                USBD_FS_ProductStrDescriptor
 .text.USBD_FS_ManufacturerStrDescriptor
                0x0000000008008004       0x28 ./USB_DEVICE/App/usbd_desc.o
                0x0000000008008004                USBD_FS_ManufacturerStrDescriptor
 .text.USBD_FS_SerialStrDescriptor
                0x000000000800802c       0x24 ./USB_DEVICE/App/usbd_desc.o
                0x000000000800802c                USBD_FS_SerialStrDescriptor
 .text.USBD_FS_ConfigStrDescriptor
                0x0000000008008050       0x3c ./USB_DEVICE/App/usbd_desc.o
                0x0000000008008050                USBD_FS_ConfigStrDescriptor
 .text.USBD_FS_InterfaceStrDescriptor
                0x000000000800808c       0x3c ./USB_DEVICE/App/usbd_desc.o
                0x000000000800808c                USBD_FS_InterfaceStrDescriptor
 .text.USBD_FS_USR_BOSDescriptor
                0x00000000080080c8       0x24 ./USB_DEVICE/App/usbd_desc.o
                0x00000000080080c8                USBD_FS_USR_BOSDescriptor
 .text.Get_SerialNum
                0x00000000080080ec       0x58 ./USB_DEVICE/App/usbd_desc.o
 .text.IntToUnicode
                0x0000000008008144       0x7e ./USB_DEVICE/App/usbd_desc.o
 .text.STORAGE_Init_FS
                0x00000000080081c2       0x18 ./USB_DEVICE/App/usbd_storage_if.o
 .text.STORAGE_GetCapacity_FS
                0x00000000080081da       0x2a ./USB_DEVICE/App/usbd_storage_if.o
 .text.STORAGE_IsReady_FS
                0x0000000008008204       0x18 ./USB_DEVICE/App/usbd_storage_if.o
 .text.STORAGE_IsWriteProtected_FS
                0x000000000800821c       0x18 ./USB_DEVICE/App/usbd_storage_if.o
 .text.STORAGE_Read_FS
                0x0000000008008234       0x38 ./USB_DEVICE/App/usbd_storage_if.o
 .text.STORAGE_Write_FS
                0x000000000800826c       0x38 ./USB_DEVICE/App/usbd_storage_if.o
 .text.STORAGE_GetMaxLun_FS
                0x00000000080082a4       0x10 ./USB_DEVICE/App/usbd_storage_if.o
 .text.HAL_PCD_MspInit
                0x00000000080082b4      0x124 ./USB_DEVICE/Target/usbd_conf.o
                0x00000000080082b4                HAL_PCD_MspInit
 .text.HAL_PCD_SetupStageCallback
                0x00000000080083d8       0x24 ./USB_DEVICE/Target/usbd_conf.o
                0x00000000080083d8                HAL_PCD_SetupStageCallback
 .text.HAL_PCD_DataOutStageCallback
                0x00000000080083fc       0x36 ./USB_DEVICE/Target/usbd_conf.o
                0x00000000080083fc                HAL_PCD_DataOutStageCallback
 .text.HAL_PCD_DataInStageCallback
                0x0000000008008432       0x34 ./USB_DEVICE/Target/usbd_conf.o
                0x0000000008008432                HAL_PCD_DataInStageCallback
 .text.HAL_PCD_SOFCallback
                0x0000000008008466       0x1c ./USB_DEVICE/Target/usbd_conf.o
                0x0000000008008466                HAL_PCD_SOFCallback
 .text.HAL_PCD_ResetCallback
                0x0000000008008482       0x3c ./USB_DEVICE/Target/usbd_conf.o
                0x0000000008008482                HAL_PCD_ResetCallback
 *fill*         0x00000000080084be        0x2 
 .text.HAL_PCD_SuspendCallback
                0x00000000080084c0       0x4c ./USB_DEVICE/Target/usbd_conf.o
                0x00000000080084c0                HAL_PCD_SuspendCallback
 .text.HAL_PCD_ResumeCallback
                0x000000000800850c       0x50 ./USB_DEVICE/Target/usbd_conf.o
                0x000000000800850c                HAL_PCD_ResumeCallback
 .text.HAL_PCD_ISOOUTIncompleteCallback
                0x000000000800855c       0x24 ./USB_DEVICE/Target/usbd_conf.o
                0x000000000800855c                HAL_PCD_ISOOUTIncompleteCallback
 .text.HAL_PCD_ISOINIncompleteCallback
                0x0000000008008580       0x24 ./USB_DEVICE/Target/usbd_conf.o
                0x0000000008008580                HAL_PCD_ISOINIncompleteCallback
 .text.HAL_PCD_ConnectCallback
                0x00000000080085a4       0x1c ./USB_DEVICE/Target/usbd_conf.o
                0x00000000080085a4                HAL_PCD_ConnectCallback
 .text.HAL_PCD_DisconnectCallback
                0x00000000080085c0       0x1c ./USB_DEVICE/Target/usbd_conf.o
                0x00000000080085c0                HAL_PCD_DisconnectCallback
 .text.USBD_LL_Init
                0x00000000080085dc       0x98 ./USB_DEVICE/Target/usbd_conf.o
                0x00000000080085dc                USBD_LL_Init
 .text.USBD_LL_Start
                0x0000000008008674       0x64 ./USB_DEVICE/Target/usbd_conf.o
                0x0000000008008674                USBD_LL_Start
 .text.USBD_LL_OpenEP
                0x00000000080086d8       0x7c ./USB_DEVICE/Target/usbd_conf.o
                0x00000000080086d8                USBD_LL_OpenEP
 .text.USBD_LL_CloseEP
                0x0000000008008754       0x6c ./USB_DEVICE/Target/usbd_conf.o
                0x0000000008008754                USBD_LL_CloseEP
 .text.USBD_LL_FlushEP
                0x00000000080087c0       0x6c ./USB_DEVICE/Target/usbd_conf.o
                0x00000000080087c0                USBD_LL_FlushEP
 .text.USBD_LL_StallEP
                0x000000000800882c       0x6c ./USB_DEVICE/Target/usbd_conf.o
                0x000000000800882c                USBD_LL_StallEP
 .text.USBD_LL_ClearStallEP
                0x0000000008008898       0x6c ./USB_DEVICE/Target/usbd_conf.o
                0x0000000008008898                USBD_LL_ClearStallEP
 .text.USBD_LL_IsStallEP
                0x0000000008008904       0x58 ./USB_DEVICE/Target/usbd_conf.o
                0x0000000008008904                USBD_LL_IsStallEP
 .text.USBD_LL_SetUSBAddress
                0x000000000800895c       0x6c ./USB_DEVICE/Target/usbd_conf.o
                0x000000000800895c                USBD_LL_SetUSBAddress
 .text.USBD_LL_Transmit
                0x00000000080089c8       0x70 ./USB_DEVICE/Target/usbd_conf.o
                0x00000000080089c8                USBD_LL_Transmit
 .text.USBD_LL_PrepareReceive
                0x0000000008008a38       0x70 ./USB_DEVICE/Target/usbd_conf.o
                0x0000000008008a38                USBD_LL_PrepareReceive
 .text.USBD_LL_GetRxDataSize
                0x0000000008008aa8       0x26 ./USB_DEVICE/Target/usbd_conf.o
                0x0000000008008aa8                USBD_LL_GetRxDataSize
 *fill*         0x0000000008008ace        0x2 
 .text.HAL_PCDEx_LPM_Callback
                0x0000000008008ad0       0x9c ./USB_DEVICE/Target/usbd_conf.o
                0x0000000008008ad0                HAL_PCDEx_LPM_Callback
 .text.USBD_static_malloc
                0x0000000008008b6c       0x1c ./USB_DEVICE/Target/usbd_conf.o
                0x0000000008008b6c                USBD_static_malloc
 .text.USBD_static_free
                0x0000000008008b88       0x14 ./USB_DEVICE/Target/usbd_conf.o
                0x0000000008008b88                USBD_static_free
 .text.SystemClockConfig_Resume
                0x0000000008008b9c        0xc ./USB_DEVICE/Target/usbd_conf.o
 .text.memset   0x0000000008008ba8       0x10 C:/ST/STM32CubeIDE_1.14.1/STM32CubeIDE/plugins/com.st.stm32cube.ide.mcu.externaltools.gnu-tools-for-stm32.11.3.rel1.win32_1.1.100.202309141235/tools/bin/../lib/gcc/arm-none-eabi/11.3.1/../../../../arm-none-eabi/lib/thumb/v7e-m+fp/hard\libc_nano.a(libc_a-memset.o)
                0x0000000008008ba8                memset
 .text.__libc_init_array
                0x0000000008008bb8       0x48 C:/ST/STM32CubeIDE_1.14.1/STM32CubeIDE/plugins/com.st.stm32cube.ide.mcu.externaltools.gnu-tools-for-stm32.11.3.rel1.win32_1.1.100.202309141235/tools/bin/../lib/gcc/arm-none-eabi/11.3.1/../../../../arm-none-eabi/lib/thumb/v7e-m+fp/hard\libc_nano.a(libc_a-init.o)
                0x0000000008008bb8                __libc_init_array
 .text.memcpy   0x0000000008008c00       0x1c C:/ST/STM32CubeIDE_1.14.1/STM32CubeIDE/plugins/com.st.stm32cube.ide.mcu.externaltools.gnu-tools-for-stm32.11.3.rel1.win32_1.1.100.202309141235/tools/bin/../lib/gcc/arm-none-eabi/11.3.1/../../../../arm-none-eabi/lib/thumb/v7e-m+fp/hard\libc_nano.a(libc_a-memcpy-stub.o)
                0x0000000008008c00                memcpy
 *(.glue_7)
 .glue_7        0x0000000008008c1c        0x0 linker stubs
 *(.glue_7t)
 .glue_7t       0x0000000008008c1c        0x0 linker stubs
 *(.eh_frame)
 .eh_frame      0x0000000008008c1c        0x0 C:/ST/STM32CubeIDE_1.14.1/STM32CubeIDE/plugins/com.st.stm32cube.ide.mcu.externaltools.gnu-tools-for-stm32.11.3.rel1.win32_1.1.100.202309141235/tools/bin/../lib/gcc/arm-none-eabi/11.3.1/thumb/v7e-m+fp/hard/crtbegin.o
 *(.init)
 .init          0x0000000008008c1c        0x4 C:/ST/STM32CubeIDE_1.14.1/STM32CubeIDE/plugins/com.st.stm32cube.ide.mcu.externaltools.gnu-tools-for-stm32.11.3.rel1.win32_1.1.100.202309141235/tools/bin/../lib/gcc/arm-none-eabi/11.3.1/thumb/v7e-m+fp/hard/crti.o
                0x0000000008008c1c                _init
 .init          0x0000000008008c20        0x8 C:/ST/STM32CubeIDE_1.14.1/STM32CubeIDE/plugins/com.st.stm32cube.ide.mcu.externaltools.gnu-tools-for-stm32.11.3.rel1.win32_1.1.100.202309141235/tools/bin/../lib/gcc/arm-none-eabi/11.3.1/thumb/v7e-m+fp/hard/crtn.o
 *(.fini)
 .fini          0x0000000008008c28        0x4 C:/ST/STM32CubeIDE_1.14.1/STM32CubeIDE/plugins/com.st.stm32cube.ide.mcu.externaltools.gnu-tools-for-stm32.11.3.rel1.win32_1.1.100.202309141235/tools/bin/../lib/gcc/arm-none-eabi/11.3.1/thumb/v7e-m+fp/hard/crti.o
                0x0000000008008c28                _fini
 .fini          0x0000000008008c2c        0x8 C:/ST/STM32CubeIDE_1.14.1/STM32CubeIDE/plugins/com.st.stm32cube.ide.mcu.externaltools.gnu-tools-for-stm32.11.3.rel1.win32_1.1.100.202309141235/tools/bin/../lib/gcc/arm-none-eabi/11.3.1/thumb/v7e-m+fp/hard/crtn.o
                0x0000000008008c34                . = ALIGN (0x4)
                0x0000000008008c34                _etext = .

.vfp11_veneer   0x0000000008008c34        0x0
 .vfp11_veneer  0x0000000008008c34        0x0 linker stubs

.v4_bx          0x0000000008008c34        0x0
 .v4_bx         0x0000000008008c34        0x0 linker stubs

.iplt           0x0000000008008c34        0x0
 .iplt          0x0000000008008c34        0x0 C:/ST/STM32CubeIDE_1.14.1/STM32CubeIDE/plugins/com.st.stm32cube.ide.mcu.externaltools.gnu-tools-for-stm32.11.3.rel1.win32_1.1.100.202309141235/tools/bin/../lib/gcc/arm-none-eabi/11.3.1/thumb/v7e-m+fp/hard/crtbegin.o

.rodata         0x0000000008008c34       0xa8
                0x0000000008008c34                . = ALIGN (0x4)
 *(.rodata)
 .rodata        0x0000000008008c34       0x42 ./USB_DEVICE/App/usbd_desc.o
 *(.rodata*)
 *fill*         0x0000000008008c76        0x2 
 .rodata.AHBPrescTable
                0x0000000008008c78       0x10 ./Core/Src/system_stm32l4xx.o
                0x0000000008008c78                AHBPrescTable
 .rodata.MSIRangeTable
                0x0000000008008c88       0x30 ./Core/Src/system_stm32l4xx.o
                0x0000000008008c88                MSIRangeTable
 .rodata.STORAGE_Inquirydata_FS
                0x0000000008008cb8       0x24 ./USB_DEVICE/App/usbd_storage_if.o
                0x0000000008008cb8                STORAGE_Inquirydata_FS
                0x0000000008008cdc                . = ALIGN (0x4)

.rel.dyn        0x0000000008008cdc        0x0
 .rel.iplt      0x0000000008008cdc        0x0 C:/ST/STM32CubeIDE_1.14.1/STM32CubeIDE/plugins/com.st.stm32cube.ide.mcu.externaltools.gnu-tools-for-stm32.11.3.rel1.win32_1.1.100.202309141235/tools/bin/../lib/gcc/arm-none-eabi/11.3.1/thumb/v7e-m+fp/hard/crtbegin.o

.ARM.extab      0x0000000008008cdc        0x0
                0x0000000008008cdc                . = ALIGN (0x4)
 *(.ARM.extab* .gnu.linkonce.armextab.*)
                0x0000000008008cdc                . = ALIGN (0x4)

.ARM            0x0000000008008cdc        0x0
                0x0000000008008cdc                . = ALIGN (0x4)
                0x0000000008008cdc                __exidx_start = .
 *(.ARM.exidx*)
                0x0000000008008cdc                __exidx_end = .
                0x0000000008008cdc                . = ALIGN (0x4)

.preinit_array  0x0000000008008cdc        0x0
                0x0000000008008cdc                . = ALIGN (0x4)
                0x0000000008008cdc                PROVIDE (__preinit_array_start = .)
 *(.preinit_array*)
                0x0000000008008cdc                PROVIDE (__preinit_array_end = .)
                0x0000000008008cdc                . = ALIGN (0x4)

.init_array     0x0000000008008cdc        0x4
                0x0000000008008cdc                . = ALIGN (0x4)
                0x0000000008008cdc                PROVIDE (__init_array_start = .)
 *(SORT_BY_NAME(.init_array.*))
 *(.init_array*)
 .init_array    0x0000000008008cdc        0x4 C:/ST/STM32CubeIDE_1.14.1/STM32CubeIDE/plugins/com.st.stm32cube.ide.mcu.externaltools.gnu-tools-for-stm32.11.3.rel1.win32_1.1.100.202309141235/tools/bin/../lib/gcc/arm-none-eabi/11.3.1/thumb/v7e-m+fp/hard/crtbegin.o
                0x0000000008008ce0                PROVIDE (__init_array_end = .)
                0x0000000008008ce0                . = ALIGN (0x4)

.fini_array     0x0000000008008ce0        0x4
                0x0000000008008ce0                . = ALIGN (0x4)
                [!provide]                        PROVIDE (__fini_array_start = .)
 *(SORT_BY_NAME(.fini_array.*))
 *(.fini_array*)
 .fini_array    0x0000000008008ce0        0x4 C:/ST/STM32CubeIDE_1.14.1/STM32CubeIDE/plugins/com.st.stm32cube.ide.mcu.externaltools.gnu-tools-for-stm32.11.3.rel1.win32_1.1.100.202309141235/tools/bin/../lib/gcc/arm-none-eabi/11.3.1/thumb/v7e-m+fp/hard/crtbegin.o
                [!provide]                        PROVIDE (__fini_array_end = .)
                0x0000000008008ce4                . = ALIGN (0x4)
                0x0000000008008ce4                _sidata = LOADADDR (.data)

.data           0x0000000020000000      0x134 load address 0x0000000008008ce4
                0x0000000020000000                . = ALIGN (0x4)
                0x0000000020000000                _sdata = .
 *(.data)
 *(.data*)
 .data.SystemCoreClock
                0x0000000020000000        0x4 ./Core/Src/system_stm32l4xx.o
                0x0000000020000000                SystemCoreClock
 .data.uwTickPrio
                0x0000000020000004        0x4 ./Drivers/STM32L4xx_HAL_Driver/Src/stm32l4xx_hal.o
                0x0000000020000004                uwTickPrio
 .data.uwTickFreq
                0x0000000020000008        0x1 ./Drivers/STM32L4xx_HAL_Driver/Src/stm32l4xx_hal.o
                0x0000000020000008                uwTickFreq
 *fill*         0x0000000020000009        0x3 
 .data.USBD_MSC
                0x000000002000000c       0x38 ./Middlewares/ST/STM32_USB_Device_Library/Class/MSC/Src/usbd_msc.o
                0x000000002000000c                USBD_MSC
 .data.USBD_MSC_CfgDesc
                0x0000000020000044       0x20 ./Middlewares/ST/STM32_USB_Device_Library/Class/MSC/Src/usbd_msc.o
 .data.USBD_MSC_DeviceQualifierDesc
                0x0000000020000064        0xa ./Middlewares/ST/STM32_USB_Device_Library/Class/MSC/Src/usbd_msc.o
 .data.MSCInEpAdd
                0x000000002000006e        0x1 ./Middlewares/ST/STM32_USB_Device_Library/Class/MSC/Src/usbd_msc.o
                0x000000002000006e                MSCInEpAdd
 .data.MSCOutEpAdd
                0x000000002000006f        0x1 ./Middlewares/ST/STM32_USB_Device_Library/Class/MSC/Src/usbd_msc.o
                0x000000002000006f                MSCOutEpAdd
 .data.MSC_Page00_Inquiry_Data
                0x0000000020000070        0x6 ./Middlewares/ST/STM32_USB_Device_Library/Class/MSC/Src/usbd_msc_data.o
                0x0000000020000070                MSC_Page00_Inquiry_Data
 *fill*         0x0000000020000076        0x2 
 .data.MSC_Page80_Inquiry_Data
                0x0000000020000078        0x8 ./Middlewares/ST/STM32_USB_Device_Library/Class/MSC/Src/usbd_msc_data.o
                0x0000000020000078                MSC_Page80_Inquiry_Data
 .data.MSC_Mode_Sense6_data
                0x0000000020000080       0x17 ./Middlewares/ST/STM32_USB_Device_Library/Class/MSC/Src/usbd_msc_data.o
                0x0000000020000080                MSC_Mode_Sense6_data
 *fill*         0x0000000020000097        0x1 
 .data.MSC_Mode_Sense10_data
                0x0000000020000098       0x1b ./Middlewares/ST/STM32_USB_Device_Library/Class/MSC/Src/usbd_msc_data.o
                0x0000000020000098                MSC_Mode_Sense10_data
 *fill*         0x00000000200000b3        0x1 
 .data.FS_Desc  0x00000000200000b4       0x20 ./USB_DEVICE/App/usbd_desc.o
                0x00000000200000b4                FS_Desc
 .data.USBD_FS_DeviceDesc
                0x00000000200000d4       0x12 ./USB_DEVICE/App/usbd_desc.o
                0x00000000200000d4                USBD_FS_DeviceDesc
 *fill*         0x00000000200000e6        0x2 
 .data.USBD_FS_BOSDesc
                0x00000000200000e8        0xc ./USB_DEVICE/App/usbd_desc.o
                0x00000000200000e8                USBD_FS_BOSDesc
 .data.USBD_LangIDDesc
                0x00000000200000f4        0x4 ./USB_DEVICE/App/usbd_desc.o
                0x00000000200000f4                USBD_LangIDDesc
 .data.USBD_StringSerial
                0x00000000200000f8       0x1a ./USB_DEVICE/App/usbd_desc.o
                0x00000000200000f8                USBD_StringSerial
 *fill*         0x0000000020000112        0x2 
 .data.USBD_Storage_Interface_fops_FS
                0x0000000020000114       0x20 ./USB_DEVICE/App/usbd_storage_if.o
                0x0000000020000114                USBD_Storage_Interface_fops_FS
 *(.RamFunc)
 *(.RamFunc*)
                0x0000000020000134                . = ALIGN (0x4)
                0x0000000020000134                _edata = .

.igot.plt       0x0000000020000134        0x0 load address 0x0000000008008e18
 .igot.plt      0x0000000020000134        0x0 C:/ST/STM32CubeIDE_1.14.1/STM32CubeIDE/plugins/com.st.stm32cube.ide.mcu.externaltools.gnu-tools-for-stm32.11.3.rel1.win32_1.1.100.202309141235/tools/bin/../lib/gcc/arm-none-eabi/11.3.1/thumb/v7e-m+fp/hard/crtbegin.o
                0x0000000020000134                . = ALIGN (0x4)

.bss            0x0000000020000134    0x13884 load address 0x0000000008008e18
                0x0000000020000134                _sbss = .
                0x0000000020000134                __bss_start__ = _sbss
 *(.bss)
 .bss           0x0000000020000134       0x1c C:/ST/STM32CubeIDE_1.14.1/STM32CubeIDE/plugins/com.st.stm32cube.ide.mcu.externaltools.gnu-tools-for-stm32.11.3.rel1.win32_1.1.100.202309141235/tools/bin/../lib/gcc/arm-none-eabi/11.3.1/thumb/v7e-m+fp/hard/crtbegin.o
 *(.bss*)
 .bss.uwTick    0x0000000020000150        0x4 ./Drivers/STM32L4xx_HAL_Driver/Src/stm32l4xx_hal.o
                0x0000000020000150                uwTick
 .bss.cfgidx.0  0x0000000020000154        0x1 ./Middlewares/ST/STM32_USB_Device_Library/Core/Src/usbd_ctlreq.o
 *fill*         0x0000000020000155        0x3 
 .bss.hUsbDeviceFS
                0x0000000020000158      0x2dc ./USB_DEVICE/App/usb_device.o
                0x0000000020000158                hUsbDeviceFS
 .bss.USBD_StrDesc
                0x0000000020000434      0x200 ./USB_DEVICE/App/usbd_desc.o
                0x0000000020000434                USBD_StrDesc
 .bss.buffer    0x0000000020000634    0x12c00 ./USB_DEVICE/App/usbd_storage_if.o
                0x0000000020000634                buffer
 .bss.hpcd_USB_OTG_FS
                0x0000000020013234      0x50c ./USB_DEVICE/Target/usbd_conf.o
                0x0000000020013234                hpcd_USB_OTG_FS
 .bss.mem.0     0x0000000020013740      0x278 ./USB_DEVICE/Target/usbd_conf.o
 *(COMMON)
                0x00000000200139b8                . = ALIGN (0x4)
                0x00000000200139b8                _ebss = .
                0x00000000200139b8                __bss_end__ = _ebss

._user_heap_stack
                0x00000000200139b8      0x600 load address 0x0000000008008e18
                0x00000000200139b8                . = ALIGN (0x8)
                [!provide]                        PROVIDE (end = .)
                0x00000000200139b8                PROVIDE (_end = .)
                0x0000000020013bb8                . = (. + _Min_Heap_Size)
 *fill*         0x00000000200139b8      0x200 
                0x0000000020013fb8                . = (. + _Min_Stack_Size)
 *fill*         0x0000000020013bb8      0x400 
                0x0000000020013fb8                . = ALIGN (0x8)

/DISCARD/
 libc.a(*)
 libm.a(*)
 libgcc.a(*)

.ARM.attributes
                0x0000000000000000       0x30
 *(.ARM.attributes)
 .ARM.attributes
                0x0000000000000000       0x1e C:/ST/STM32CubeIDE_1.14.1/STM32CubeIDE/plugins/com.st.stm32cube.ide.mcu.externaltools.gnu-tools-for-stm32.11.3.rel1.win32_1.1.100.202309141235/tools/bin/../lib/gcc/arm-none-eabi/11.3.1/thumb/v7e-m+fp/hard/crti.o
 .ARM.attributes
                0x000000000000001e       0x34 C:/ST/STM32CubeIDE_1.14.1/STM32CubeIDE/plugins/com.st.stm32cube.ide.mcu.externaltools.gnu-tools-for-stm32.11.3.rel1.win32_1.1.100.202309141235/tools/bin/../lib/gcc/arm-none-eabi/11.3.1/thumb/v7e-m+fp/hard/crtbegin.o
 .ARM.attributes
                0x0000000000000052       0x34 ./Core/Src/main.o
 .ARM.attributes
                0x0000000000000086       0x34 ./Core/Src/stm32l4xx_hal_msp.o
 .ARM.attributes
                0x00000000000000ba       0x34 ./Core/Src/stm32l4xx_it.o
 .ARM.attributes
                0x00000000000000ee       0x34 ./Core/Src/system_stm32l4xx.o
 .ARM.attributes
                0x0000000000000122       0x21 ./Core/Startup/startup_stm32l496zgtxp.o
 .ARM.attributes
                0x0000000000000143       0x34 ./Drivers/STM32L4xx_HAL_Driver/Src/stm32l4xx_hal.o
 .ARM.attributes
                0x0000000000000177       0x34 ./Drivers/STM32L4xx_HAL_Driver/Src/stm32l4xx_hal_cortex.o
 .ARM.attributes
                0x00000000000001ab       0x34 ./Drivers/STM32L4xx_HAL_Driver/Src/stm32l4xx_hal_gpio.o
 .ARM.attributes
                0x00000000000001df       0x34 ./Drivers/STM32L4xx_HAL_Driver/Src/stm32l4xx_hal_pcd.o
 .ARM.attributes
                0x0000000000000213       0x34 ./Drivers/STM32L4xx_HAL_Driver/Src/stm32l4xx_hal_pcd_ex.o
 .ARM.attributes
                0x0000000000000247       0x34 ./Drivers/STM32L4xx_HAL_Driver/Src/stm32l4xx_hal_pwr_ex.o
 .ARM.attributes
                0x000000000000027b       0x34 ./Drivers/STM32L4xx_HAL_Driver/Src/stm32l4xx_hal_rcc.o
 .ARM.attributes
                0x00000000000002af       0x34 ./Drivers/STM32L4xx_HAL_Driver/Src/stm32l4xx_hal_rcc_ex.o
 .ARM.attributes
                0x00000000000002e3       0x34 ./Drivers/STM32L4xx_HAL_Driver/Src/stm32l4xx_ll_usb.o
 .ARM.attributes
                0x0000000000000317       0x34 ./Middlewares/ST/STM32_USB_Device_Library/Class/MSC/Src/usbd_msc.o
 .ARM.attributes
                0x000000000000034b       0x34 ./Middlewares/ST/STM32_USB_Device_Library/Class/MSC/Src/usbd_msc_bot.o
 .ARM.attributes
                0x000000000000037f       0x34 ./Middlewares/ST/STM32_USB_Device_Library/Class/MSC/Src/usbd_msc_data.o
 .ARM.attributes
                0x00000000000003b3       0x34 ./Middlewares/ST/STM32_USB_Device_Library/Class/MSC/Src/usbd_msc_scsi.o
 .ARM.attributes
                0x00000000000003e7       0x34 ./Middlewares/ST/STM32_USB_Device_Library/Core/Src/usbd_core.o
 .ARM.attributes
                0x000000000000041b       0x34 ./Middlewares/ST/STM32_USB_Device_Library/Core/Src/usbd_ctlreq.o
 .ARM.attributes
                0x000000000000044f       0x34 ./Middlewares/ST/STM32_USB_Device_Library/Core/Src/usbd_ioreq.o
 .ARM.attributes
                0x0000000000000483       0x34 ./USB_DEVICE/App/usb_device.o
 .ARM.attributes
                0x00000000000004b7       0x34 ./USB_DEVICE/App/usbd_desc.o
 .ARM.attributes
                0x00000000000004eb       0x34 ./USB_DEVICE/App/usbd_storage_if.o
 .ARM.attributes
                0x000000000000051f       0x34 ./USB_DEVICE/Target/usbd_conf.o
 .ARM.attributes
                0x0000000000000553       0x34 C:/ST/STM32CubeIDE_1.14.1/STM32CubeIDE/plugins/com.st.stm32cube.ide.mcu.externaltools.gnu-tools-for-stm32.11.3.rel1.win32_1.1.100.202309141235/tools/bin/../lib/gcc/arm-none-eabi/11.3.1/../../../../arm-none-eabi/lib/thumb/v7e-m+fp/hard\libc_nano.a(libc_a-memset.o)
 .ARM.attributes
                0x0000000000000587       0x34 C:/ST/STM32CubeIDE_1.14.1/STM32CubeIDE/plugins/com.st.stm32cube.ide.mcu.externaltools.gnu-tools-for-stm32.11.3.rel1.win32_1.1.100.202309141235/tools/bin/../lib/gcc/arm-none-eabi/11.3.1/../../../../arm-none-eabi/lib/thumb/v7e-m+fp/hard\libc_nano.a(libc_a-init.o)
 .ARM.attributes
                0x00000000000005bb       0x34 C:/ST/STM32CubeIDE_1.14.1/STM32CubeIDE/plugins/com.st.stm32cube.ide.mcu.externaltools.gnu-tools-for-stm32.11.3.rel1.win32_1.1.100.202309141235/tools/bin/../lib/gcc/arm-none-eabi/11.3.1/../../../../arm-none-eabi/lib/thumb/v7e-m+fp/hard\libc_nano.a(libc_a-memcpy-stub.o)
 .ARM.attributes
                0x00000000000005ef       0x1e C:/ST/STM32CubeIDE_1.14.1/STM32CubeIDE/plugins/com.st.stm32cube.ide.mcu.externaltools.gnu-tools-for-stm32.11.3.rel1.win32_1.1.100.202309141235/tools/bin/../lib/gcc/arm-none-eabi/11.3.1/thumb/v7e-m+fp/hard/crtn.o
OUTPUT(19_USB_MSC_1.elf elf32-littlearm)
LOAD linker stubs
LOAD C:/ST/STM32CubeIDE_1.14.1/STM32CubeIDE/plugins/com.st.stm32cube.ide.mcu.externaltools.gnu-tools-for-stm32.11.3.rel1.win32_1.1.100.202309141235/tools/bin/../lib/gcc/arm-none-eabi/11.3.1/../../../../arm-none-eabi/lib/thumb/v7e-m+fp/hard\libc.a
LOAD C:/ST/STM32CubeIDE_1.14.1/STM32CubeIDE/plugins/com.st.stm32cube.ide.mcu.externaltools.gnu-tools-for-stm32.11.3.rel1.win32_1.1.100.202309141235/tools/bin/../lib/gcc/arm-none-eabi/11.3.1/../../../../arm-none-eabi/lib/thumb/v7e-m+fp/hard\libm.a
LOAD C:/ST/STM32CubeIDE_1.14.1/STM32CubeIDE/plugins/com.st.stm32cube.ide.mcu.externaltools.gnu-tools-for-stm32.11.3.rel1.win32_1.1.100.202309141235/tools/bin/../lib/gcc/arm-none-eabi/11.3.1/thumb/v7e-m+fp/hard\libgcc.a

.comment        0x0000000000000000       0x43
 .comment       0x0000000000000000       0x43 C:/ST/STM32CubeIDE_1.14.1/STM32CubeIDE/plugins/com.st.stm32cube.ide.mcu.externaltools.gnu-tools-for-stm32.11.3.rel1.win32_1.1.100.202309141235/tools/bin/../lib/gcc/arm-none-eabi/11.3.1/thumb/v7e-m+fp/hard/crtbegin.o
                                         0x44 (size before relaxing)
 .comment       0x0000000000000043       0x44 ./Core/Src/main.o
 .comment       0x0000000000000043       0x44 ./Core/Src/stm32l4xx_hal_msp.o
 .comment       0x0000000000000043       0x44 ./Core/Src/stm32l4xx_it.o
 .comment       0x0000000000000043       0x44 ./Core/Src/system_stm32l4xx.o
 .comment       0x0000000000000043       0x44 ./Drivers/STM32L4xx_HAL_Driver/Src/stm32l4xx_hal.o
 .comment       0x0000000000000043       0x44 ./Drivers/STM32L4xx_HAL_Driver/Src/stm32l4xx_hal_cortex.o
 .comment       0x0000000000000043       0x44 ./Drivers/STM32L4xx_HAL_Driver/Src/stm32l4xx_hal_gpio.o
 .comment       0x0000000000000043       0x44 ./Drivers/STM32L4xx_HAL_Driver/Src/stm32l4xx_hal_pcd.o
 .comment       0x0000000000000043       0x44 ./Drivers/STM32L4xx_HAL_Driver/Src/stm32l4xx_hal_pcd_ex.o
 .comment       0x0000000000000043       0x44 ./Drivers/STM32L4xx_HAL_Driver/Src/stm32l4xx_hal_pwr_ex.o
 .comment       0x0000000000000043       0x44 ./Drivers/STM32L4xx_HAL_Driver/Src/stm32l4xx_hal_rcc.o
 .comment       0x0000000000000043       0x44 ./Drivers/STM32L4xx_HAL_Driver/Src/stm32l4xx_hal_rcc_ex.o
 .comment       0x0000000000000043       0x44 ./Drivers/STM32L4xx_HAL_Driver/Src/stm32l4xx_ll_usb.o
 .comment       0x0000000000000043       0x44 ./Middlewares/ST/STM32_USB_Device_Library/Class/MSC/Src/usbd_msc.o
 .comment       0x0000000000000043       0x44 ./Middlewares/ST/STM32_USB_Device_Library/Class/MSC/Src/usbd_msc_bot.o
 .comment       0x0000000000000043       0x44 ./Middlewares/ST/STM32_USB_Device_Library/Class/MSC/Src/usbd_msc_data.o
 .comment       0x0000000000000043       0x44 ./Middlewares/ST/STM32_USB_Device_Library/Class/MSC/Src/usbd_msc_scsi.o
 .comment       0x0000000000000043       0x44 ./Middlewares/ST/STM32_USB_Device_Library/Core/Src/usbd_core.o
 .comment       0x0000000000000043       0x44 ./Middlewares/ST/STM32_USB_Device_Library/Core/Src/usbd_ctlreq.o
 .comment       0x0000000000000043       0x44 ./Middlewares/ST/STM32_USB_Device_Library/Core/Src/usbd_ioreq.o
 .comment       0x0000000000000043       0x44 ./USB_DEVICE/App/usb_device.o
 .comment       0x0000000000000043       0x44 ./USB_DEVICE/App/usbd_desc.o
 .comment       0x0000000000000043       0x44 ./USB_DEVICE/App/usbd_storage_if.o
 .comment       0x0000000000000043       0x44 ./USB_DEVICE/Target/usbd_conf.o

.debug_info     0x0000000000000000    0x11080
 .debug_info    0x0000000000000000      0x52d ./Core/Src/main.o
 .debug_info    0x000000000000052d      0x2d1 ./Core/Src/stm32l4xx_hal_msp.o
 .debug_info    0x00000000000007fe      0x69d ./Core/Src/stm32l4xx_it.o
 .debug_info    0x0000000000000e9b      0x5cd ./Core/Src/system_stm32l4xx.o
 .debug_info    0x0000000000001468       0x23 ./Core/Startup/startup_stm32l496zgtxp.o
 .debug_info    0x000000000000148b      0xb4b ./Drivers/STM32L4xx_HAL_Driver/Src/stm32l4xx_hal.o
 .debug_info    0x0000000000001fd6      0xd82 ./Drivers/STM32L4xx_HAL_Driver/Src/stm32l4xx_hal_cortex.o
 .debug_info    0x0000000000002d58      0x76f ./Drivers/STM32L4xx_HAL_Driver/Src/stm32l4xx_hal_gpio.o
 .debug_info    0x00000000000034c7     0x14c8 ./Drivers/STM32L4xx_HAL_Driver/Src/stm32l4xx_hal_pcd.o
 .debug_info    0x000000000000498f      0x89e ./Drivers/STM32L4xx_HAL_Driver/Src/stm32l4xx_hal_pcd_ex.o
 .debug_info    0x000000000000522d      0x996 ./Drivers/STM32L4xx_HAL_Driver/Src/stm32l4xx_hal_pwr_ex.o
 .debug_info    0x0000000000005bc3      0xc3b ./Drivers/STM32L4xx_HAL_Driver/Src/stm32l4xx_hal_rcc.o
 .debug_info    0x00000000000067fe     0x10c1 ./Drivers/STM32L4xx_HAL_Driver/Src/stm32l4xx_hal_rcc_ex.o
 .debug_info    0x00000000000078bf     0x1971 ./Drivers/STM32L4xx_HAL_Driver/Src/stm32l4xx_ll_usb.o
 .debug_info    0x0000000000009230      0xdcb ./Middlewares/ST/STM32_USB_Device_Library/Class/MSC/Src/usbd_msc.o
 .debug_info    0x0000000000009ffb      0xc68 ./Middlewares/ST/STM32_USB_Device_Library/Class/MSC/Src/usbd_msc_bot.o
 .debug_info    0x000000000000ac63      0x127 ./Middlewares/ST/STM32_USB_Device_Library/Class/MSC/Src/usbd_msc_data.o
 .debug_info    0x000000000000ad8a     0x11db ./Middlewares/ST/STM32_USB_Device_Library/Class/MSC/Src/usbd_msc_scsi.o
 .debug_info    0x000000000000bf65      0xe12 ./Middlewares/ST/STM32_USB_Device_Library/Core/Src/usbd_core.o
 .debug_info    0x000000000000cd77      0xaeb ./Middlewares/ST/STM32_USB_Device_Library/Core/Src/usbd_ctlreq.o
 .debug_info    0x000000000000d862      0x762 ./Middlewares/ST/STM32_USB_Device_Library/Core/Src/usbd_ioreq.o
 .debug_info    0x000000000000dfc4      0x74b ./USB_DEVICE/App/usb_device.o
 .debug_info    0x000000000000e70f      0x4ba ./USB_DEVICE/App/usbd_desc.o
 .debug_info    0x000000000000ebc9      0x400 ./USB_DEVICE/App/usbd_storage_if.o
 .debug_info    0x000000000000efc9     0x20b7 ./USB_DEVICE/Target/usbd_conf.o

.debug_abbrev   0x0000000000000000     0x3456
 .debug_abbrev  0x0000000000000000      0x1da ./Core/Src/main.o
 .debug_abbrev  0x00000000000001da       0xc6 ./Core/Src/stm32l4xx_hal_msp.o
 .debug_abbrev  0x00000000000002a0      0x1a4 ./Core/Src/stm32l4xx_it.o
 .debug_abbrev  0x0000000000000444      0x11a ./Core/Src/system_stm32l4xx.o
 .debug_abbrev  0x000000000000055e       0x12 ./Core/Startup/startup_stm32l496zgtxp.o
 .debug_abbrev  0x0000000000000570      0x242 ./Drivers/STM32L4xx_HAL_Driver/Src/stm32l4xx_hal.o
 .debug_abbrev  0x00000000000007b2      0x327 ./Drivers/STM32L4xx_HAL_Driver/Src/stm32l4xx_hal_cortex.o
 .debug_abbrev  0x0000000000000ad9      0x1cb ./Drivers/STM32L4xx_HAL_Driver/Src/stm32l4xx_hal_gpio.o
 .debug_abbrev  0x0000000000000ca4      0x2cf ./Drivers/STM32L4xx_HAL_Driver/Src/stm32l4xx_hal_pcd.o
 .debug_abbrev  0x0000000000000f73      0x256 ./Drivers/STM32L4xx_HAL_Driver/Src/stm32l4xx_hal_pcd_ex.o
 .debug_abbrev  0x00000000000011c9      0x1f9 ./Drivers/STM32L4xx_HAL_Driver/Src/stm32l4xx_hal_pwr_ex.o
 .debug_abbrev  0x00000000000013c2      0x2cb ./Drivers/STM32L4xx_HAL_Driver/Src/stm32l4xx_hal_rcc.o
 .debug_abbrev  0x000000000000168d      0x2a3 ./Drivers/STM32L4xx_HAL_Driver/Src/stm32l4xx_hal_rcc_ex.o
 .debug_abbrev  0x0000000000001930      0x2b3 ./Drivers/STM32L4xx_HAL_Driver/Src/stm32l4xx_ll_usb.o
 .debug_abbrev  0x0000000000001be3      0x317 ./Middlewares/ST/STM32_USB_Device_Library/Class/MSC/Src/usbd_msc.o
 .debug_abbrev  0x0000000000001efa      0x2dd ./Middlewares/ST/STM32_USB_Device_Library/Class/MSC/Src/usbd_msc_bot.o
 .debug_abbrev  0x00000000000021d7       0x6f ./Middlewares/ST/STM32_USB_Device_Library/Class/MSC/Src/usbd_msc_data.o
 .debug_abbrev  0x0000000000002246      0x316 ./Middlewares/ST/STM32_USB_Device_Library/Class/MSC/Src/usbd_msc_scsi.o
 .debug_abbrev  0x000000000000255c      0x27c ./Middlewares/ST/STM32_USB_Device_Library/Core/Src/usbd_core.o
 .debug_abbrev  0x00000000000027d8      0x26f ./Middlewares/ST/STM32_USB_Device_Library/Core/Src/usbd_ctlreq.o
 .debug_abbrev  0x0000000000002a47      0x19a ./Middlewares/ST/STM32_USB_Device_Library/Core/Src/usbd_ioreq.o
 .debug_abbrev  0x0000000000002be1      0x194 ./USB_DEVICE/App/usb_device.o
 .debug_abbrev  0x0000000000002d75      0x1e3 ./USB_DEVICE/App/usbd_desc.o
 .debug_abbrev  0x0000000000002f58      0x1aa ./USB_DEVICE/App/usbd_storage_if.o
 .debug_abbrev  0x0000000000003102      0x354 ./USB_DEVICE/Target/usbd_conf.o

.debug_aranges  0x0000000000000000      0xf20
 .debug_aranges
                0x0000000000000000       0x38 ./Core/Src/main.o
 .debug_aranges
                0x0000000000000038       0x20 ./Core/Src/stm32l4xx_hal_msp.o
 .debug_aranges
                0x0000000000000058       0x68 ./Core/Src/stm32l4xx_it.o
 .debug_aranges
                0x00000000000000c0       0x28 ./Core/Src/system_stm32l4xx.o
 .debug_aranges
                0x00000000000000e8       0x28 ./Core/Startup/startup_stm32l496zgtxp.o
 .debug_aranges
                0x0000000000000110      0x130 ./Drivers/STM32L4xx_HAL_Driver/Src/stm32l4xx_hal.o
 .debug_aranges
                0x0000000000000240      0x118 ./Drivers/STM32L4xx_HAL_Driver/Src/stm32l4xx_hal_cortex.o
 .debug_aranges
                0x0000000000000358       0x58 ./Drivers/STM32L4xx_HAL_Driver/Src/stm32l4xx_hal_gpio.o
 .debug_aranges
                0x00000000000003b0      0x138 ./Drivers/STM32L4xx_HAL_Driver/Src/stm32l4xx_hal_pcd.o
 .debug_aranges
                0x00000000000004e8       0x60 ./Drivers/STM32L4xx_HAL_Driver/Src/stm32l4xx_hal_pcd_ex.o
 .debug_aranges
                0x0000000000000548      0x150 ./Drivers/STM32L4xx_HAL_Driver/Src/stm32l4xx_hal_pwr_ex.o
 .debug_aranges
                0x0000000000000698       0x90 ./Drivers/STM32L4xx_HAL_Driver/Src/stm32l4xx_hal_rcc.o
 .debug_aranges
                0x0000000000000728      0x108 ./Drivers/STM32L4xx_HAL_Driver/Src/stm32l4xx_hal_rcc_ex.o
 .debug_aranges
                0x0000000000000830      0x1a0 ./Drivers/STM32L4xx_HAL_Driver/Src/stm32l4xx_ll_usb.o
 .debug_aranges
                0x00000000000009d0       0x68 ./Middlewares/ST/STM32_USB_Device_Library/Class/MSC/Src/usbd_msc.o
 .debug_aranges
                0x0000000000000a38       0x68 ./Middlewares/ST/STM32_USB_Device_Library/Class/MSC/Src/usbd_msc_bot.o
 .debug_aranges
                0x0000000000000aa0       0x18 ./Middlewares/ST/STM32_USB_Device_Library/Class/MSC/Src/usbd_msc_data.o
 .debug_aranges
                0x0000000000000ab8       0xc0 ./Middlewares/ST/STM32_USB_Device_Library/Class/MSC/Src/usbd_msc_scsi.o
 .debug_aranges
                0x0000000000000b78       0xd8 ./Middlewares/ST/STM32_USB_Device_Library/Core/Src/usbd_core.o
 .debug_aranges
                0x0000000000000c50       0x90 ./Middlewares/ST/STM32_USB_Device_Library/Core/Src/usbd_ctlreq.o
 .debug_aranges
                0x0000000000000ce0       0x50 ./Middlewares/ST/STM32_USB_Device_Library/Core/Src/usbd_ioreq.o
 .debug_aranges
                0x0000000000000d30       0x20 ./USB_DEVICE/App/usb_device.o
 .debug_aranges
                0x0000000000000d50       0x68 ./USB_DEVICE/App/usbd_desc.o
 .debug_aranges
                0x0000000000000db8       0x50 ./USB_DEVICE/App/usbd_storage_if.o
 .debug_aranges
                0x0000000000000e08      0x118 ./USB_DEVICE/Target/usbd_conf.o

.debug_rnglists
                0x0000000000000000      0xb2c
 .debug_rnglists
                0x0000000000000000       0x26 ./Core/Src/main.o
 .debug_rnglists
                0x0000000000000026       0x13 ./Core/Src/stm32l4xx_hal_msp.o
 .debug_rnglists
                0x0000000000000039       0x49 ./Core/Src/stm32l4xx_it.o
 .debug_rnglists
                0x0000000000000082       0x1a ./Core/Src/system_stm32l4xx.o
 .debug_rnglists
                0x000000000000009c       0x19 ./Core/Startup/startup_stm32l496zgtxp.o
 .debug_rnglists
                0x00000000000000b5       0xdf ./Drivers/STM32L4xx_HAL_Driver/Src/stm32l4xx_hal.o
 .debug_rnglists
                0x0000000000000194       0xce ./Drivers/STM32L4xx_HAL_Driver/Src/stm32l4xx_hal_cortex.o
 .debug_rnglists
                0x0000000000000262       0x3f ./Drivers/STM32L4xx_HAL_Driver/Src/stm32l4xx_hal_gpio.o
 .debug_rnglists
                0x00000000000002a1       0xed ./Drivers/STM32L4xx_HAL_Driver/Src/stm32l4xx_hal_pcd.o
 .debug_rnglists
                0x000000000000038e       0x45 ./Drivers/STM32L4xx_HAL_Driver/Src/stm32l4xx_hal_pcd_ex.o
 .debug_rnglists
                0x00000000000003d3       0xfd ./Drivers/STM32L4xx_HAL_Driver/Src/stm32l4xx_hal_pwr_ex.o
 .debug_rnglists
                0x00000000000004d0       0x6d ./Drivers/STM32L4xx_HAL_Driver/Src/stm32l4xx_hal_rcc.o
 .debug_rnglists
                0x000000000000053d       0xce ./Drivers/STM32L4xx_HAL_Driver/Src/stm32l4xx_hal_rcc_ex.o
 .debug_rnglists
                0x000000000000060b      0x146 ./Drivers/STM32L4xx_HAL_Driver/Src/stm32l4xx_ll_usb.o
 .debug_rnglists
                0x0000000000000751       0x4c ./Middlewares/ST/STM32_USB_Device_Library/Class/MSC/Src/usbd_msc.o
 .debug_rnglists
                0x000000000000079d       0x4c ./Middlewares/ST/STM32_USB_Device_Library/Class/MSC/Src/usbd_msc_bot.o
 .debug_rnglists
                0x00000000000007e9       0x9a ./Middlewares/ST/STM32_USB_Device_Library/Class/MSC/Src/usbd_msc_scsi.o
 .debug_rnglists
                0x0000000000000883       0xa1 ./Middlewares/ST/STM32_USB_Device_Library/Core/Src/usbd_core.o
 .debug_rnglists
                0x0000000000000924       0x6e ./Middlewares/ST/STM32_USB_Device_Library/Core/Src/usbd_ctlreq.o
 .debug_rnglists
                0x0000000000000992       0x37 ./Middlewares/ST/STM32_USB_Device_Library/Core/Src/usbd_ioreq.o
 .debug_rnglists
                0x00000000000009c9       0x13 ./USB_DEVICE/App/usb_device.o
 .debug_rnglists
                0x00000000000009dc       0x49 ./USB_DEVICE/App/usbd_desc.o
 .debug_rnglists
                0x0000000000000a25       0x37 ./USB_DEVICE/App/usbd_storage_if.o
 .debug_rnglists
                0x0000000000000a5c       0xd0 ./USB_DEVICE/Target/usbd_conf.o

.debug_macro    0x0000000000000000    0x2aea0
 .debug_macro   0x0000000000000000      0x32a ./Core/Src/main.o
 .debug_macro   0x000000000000032a      0xaa8 ./Core/Src/main.o
 .debug_macro   0x0000000000000dd2      0x1a1 ./Core/Src/main.o
 .debug_macro   0x0000000000000f73       0x2e ./Core/Src/main.o
 .debug_macro   0x0000000000000fa1       0x28 ./Core/Src/main.o
 .debug_macro   0x0000000000000fc9       0x22 ./Core/Src/main.o
 .debug_macro   0x0000000000000feb       0x8e ./Core/Src/main.o
 .debug_macro   0x0000000000001079       0x51 ./Core/Src/main.o
 .debug_macro   0x00000000000010ca      0x103 ./Core/Src/main.o
 .debug_macro   0x00000000000011cd       0x6a ./Core/Src/main.o
 .debug_macro   0x0000000000001237      0x1df ./Core/Src/main.o
 .debug_macro   0x0000000000001416       0x1c ./Core/Src/main.o
 .debug_macro   0x0000000000001432       0x22 ./Core/Src/main.o
 .debug_macro   0x0000000000001454       0xfb ./Core/Src/main.o
 .debug_macro   0x000000000000154f     0x1011 ./Core/Src/main.o
 .debug_macro   0x0000000000002560      0x11f ./Core/Src/main.o
 .debug_macro   0x000000000000267f    0x1c1e2 ./Core/Src/main.o
 .debug_macro   0x000000000001e861       0x6d ./Core/Src/main.o
 .debug_macro   0x000000000001e8ce     0x38e6 ./Core/Src/main.o
 .debug_macro   0x00000000000221b4      0x174 ./Core/Src/main.o
 .debug_macro   0x0000000000022328       0x5c ./Core/Src/main.o
 .debug_macro   0x0000000000022384     0x187d ./Core/Src/main.o
 .debug_macro   0x0000000000023c01      0x773 ./Core/Src/main.o
 .debug_macro   0x0000000000024374      0x1b9 ./Core/Src/main.o
 .debug_macro   0x000000000002452d      0x202 ./Core/Src/main.o
 .debug_macro   0x000000000002472f      0x26b ./Core/Src/main.o
 .debug_macro   0x000000000002499a      0x23d ./Core/Src/main.o
 .debug_macro   0x0000000000024bd7      0x241 ./Core/Src/main.o
 .debug_macro   0x0000000000024e18      0x3ad ./Core/Src/main.o
 .debug_macro   0x00000000000251c5       0xe4 ./Core/Src/main.o
 .debug_macro   0x00000000000252a9      0x209 ./Core/Src/main.o
 .debug_macro   0x00000000000254b2       0x97 ./Core/Src/main.o
 .debug_macro   0x0000000000025549      0x122 ./Core/Src/main.o
 .debug_macro   0x000000000002566b      0x3ef ./Core/Src/main.o
 .debug_macro   0x0000000000025a5a      0x433 ./Core/Src/main.o
 .debug_macro   0x0000000000025e8d       0x61 ./Core/Src/main.o
 .debug_macro   0x0000000000025eee       0x2a ./Core/Src/main.o
 .debug_macro   0x0000000000025f18       0x43 ./Core/Src/main.o
 .debug_macro   0x0000000000025f5b       0x34 ./Core/Src/main.o
 .debug_macro   0x0000000000025f8f       0x16 ./Core/Src/main.o
 .debug_macro   0x0000000000025fa5       0x35 ./Core/Src/main.o
 .debug_macro   0x0000000000025fda      0x369 ./Core/Src/main.o
 .debug_macro   0x0000000000026343       0x10 ./Core/Src/main.o
 .debug_macro   0x0000000000026353       0x16 ./Core/Src/main.o
 .debug_macro   0x0000000000026369       0x43 ./Core/Src/main.o
 .debug_macro   0x00000000000263ac       0x34 ./Core/Src/main.o
 .debug_macro   0x00000000000263e0       0x10 ./Core/Src/main.o
 .debug_macro   0x00000000000263f0       0x58 ./Core/Src/main.o
 .debug_macro   0x0000000000026448       0x8e ./Core/Src/main.o
 .debug_macro   0x00000000000264d6       0x1c ./Core/Src/main.o
 .debug_macro   0x00000000000264f2      0x177 ./Core/Src/main.o
 .debug_macro   0x0000000000026669       0x16 ./Core/Src/main.o
 .debug_macro   0x000000000002667f       0x16 ./Core/Src/main.o
 .debug_macro   0x0000000000026695      0x147 ./Core/Src/main.o
 .debug_macro   0x00000000000267dc       0x16 ./Core/Src/main.o
 .debug_macro   0x00000000000267f2       0x16 ./Core/Src/main.o
 .debug_macro   0x0000000000026808       0x29 ./Core/Src/main.o
 .debug_macro   0x0000000000026831       0x16 ./Core/Src/main.o
 .debug_macro   0x0000000000026847       0x20 ./Core/Src/main.o
 .debug_macro   0x0000000000026867       0x65 ./Core/Src/main.o
 .debug_macro   0x00000000000268cc      0x20f ./Core/Src/main.o
 .debug_macro   0x0000000000026adb      0x1c6 ./Core/Src/stm32l4xx_hal_msp.o
 .debug_macro   0x0000000000026ca1      0x1d0 ./Core/Src/stm32l4xx_it.o
 .debug_macro   0x0000000000026e71      0x1bc ./Core/Src/system_stm32l4xx.o
 .debug_macro   0x000000000002702d      0x20a ./Drivers/STM32L4xx_HAL_Driver/Src/stm32l4xx_hal.o
 .debug_macro   0x0000000000027237      0x1bc ./Drivers/STM32L4xx_HAL_Driver/Src/stm32l4xx_hal_cortex.o
 .debug_macro   0x00000000000273f3      0x1c3 ./Drivers/STM32L4xx_HAL_Driver/Src/stm32l4xx_hal_gpio.o
 .debug_macro   0x00000000000275b6      0x1c8 ./Drivers/STM32L4xx_HAL_Driver/Src/stm32l4xx_hal_pcd.o
 .debug_macro   0x000000000002777e      0x1bc ./Drivers/STM32L4xx_HAL_Driver/Src/stm32l4xx_hal_pcd_ex.o
 .debug_macro   0x000000000002793a      0x1e6 ./Drivers/STM32L4xx_HAL_Driver/Src/stm32l4xx_hal_pwr_ex.o
 .debug_macro   0x0000000000027b20      0x1fe ./Drivers/STM32L4xx_HAL_Driver/Src/stm32l4xx_hal_rcc.o
 .debug_macro   0x0000000000027d1e      0x1f2 ./Drivers/STM32L4xx_HAL_Driver/Src/stm32l4xx_hal_rcc_ex.o
 .debug_macro   0x0000000000027f10      0x1bc ./Drivers/STM32L4xx_HAL_Driver/Src/stm32l4xx_ll_usb.o
 .debug_macro   0x00000000000280cc      0x371 ./Middlewares/ST/STM32_USB_Device_Library/Class/MSC/Src/usbd_msc.o
 .debug_macro   0x000000000002843d       0x97 ./Middlewares/ST/STM32_USB_Device_Library/Class/MSC/Src/usbd_msc.o
 .debug_macro   0x00000000000284d4       0xfd ./Middlewares/ST/STM32_USB_Device_Library/Class/MSC/Src/usbd_msc.o
 .debug_macro   0x00000000000285d1       0x56 ./Middlewares/ST/STM32_USB_Device_Library/Class/MSC/Src/usbd_msc.o
 .debug_macro   0x0000000000028627      0x215 ./Middlewares/ST/STM32_USB_Device_Library/Class/MSC/Src/usbd_msc.o
 .debug_macro   0x000000000002883c       0x7c ./Middlewares/ST/STM32_USB_Device_Library/Class/MSC/Src/usbd_msc.o
 .debug_macro   0x00000000000288b8      0x160 ./Middlewares/ST/STM32_USB_Device_Library/Class/MSC/Src/usbd_msc.o
 .debug_macro   0x0000000000028a18       0x34 ./Middlewares/ST/STM32_USB_Device_Library/Class/MSC/Src/usbd_msc.o
 .debug_macro   0x0000000000028a4c      0x379 ./Middlewares/ST/STM32_USB_Device_Library/Class/MSC/Src/usbd_msc_bot.o
 .debug_macro   0x0000000000028dc5      0x31a ./Middlewares/ST/STM32_USB_Device_Library/Class/MSC/Src/usbd_msc_data.o
 .debug_macro   0x00000000000290df       0x22 ./Middlewares/ST/STM32_USB_Device_Library/Class/MSC/Src/usbd_msc_data.o
 .debug_macro   0x0000000000029101      0x382 ./Middlewares/ST/STM32_USB_Device_Library/Class/MSC/Src/usbd_msc_scsi.o
 .debug_macro   0x0000000000029483       0x28 ./Middlewares/ST/STM32_USB_Device_Library/Class/MSC/Src/usbd_msc_scsi.o
 .debug_macro   0x00000000000294ab      0x33c ./Middlewares/ST/STM32_USB_Device_Library/Core/Src/usbd_core.o
 .debug_macro   0x00000000000297e7      0x346 ./Middlewares/ST/STM32_USB_Device_Library/Core/Src/usbd_ctlreq.o
 .debug_macro   0x0000000000029b2d      0x342 ./Middlewares/ST/STM32_USB_Device_Library/Core/Src/usbd_ioreq.o
 .debug_macro   0x0000000000029e6f      0x38e ./USB_DEVICE/App/usb_device.o
 .debug_macro   0x000000000002a1fd       0x22 ./USB_DEVICE/App/usb_device.o
 .debug_macro   0x000000000002a21f       0x82 ./USB_DEVICE/App/usb_device.o
 .debug_macro   0x000000000002a2a1      0x166 ./USB_DEVICE/App/usb_device.o
 .debug_macro   0x000000000002a407      0x37f ./USB_DEVICE/App/usbd_desc.o
 .debug_macro   0x000000000002a786       0x1c ./USB_DEVICE/App/usbd_desc.o
 .debug_macro   0x000000000002a7a2      0x38d ./USB_DEVICE/App/usbd_storage_if.o
 .debug_macro   0x000000000002ab2f      0x371 ./USB_DEVICE/Target/usbd_conf.o

.debug_line     0x0000000000000000    0x140be
 .debug_line    0x0000000000000000      0x9f1 ./Core/Src/main.o
 .debug_line    0x00000000000009f1      0x733 ./Core/Src/stm32l4xx_hal_msp.o
 .debug_line    0x0000000000001124      0x80d ./Core/Src/stm32l4xx_it.o
 .debug_line    0x0000000000001931      0x7ca ./Core/Src/system_stm32l4xx.o
 .debug_line    0x00000000000020fb       0x7a ./Core/Startup/startup_stm32l496zgtxp.o
 .debug_line    0x0000000000002175      0xb22 ./Drivers/STM32L4xx_HAL_Driver/Src/stm32l4xx_hal.o
 .debug_line    0x0000000000002c97      0xcc9 ./Drivers/STM32L4xx_HAL_Driver/Src/stm32l4xx_hal_cortex.o
 .debug_line    0x0000000000003960      0xb7e ./Drivers/STM32L4xx_HAL_Driver/Src/stm32l4xx_hal_gpio.o
 .debug_line    0x00000000000044de     0x1330 ./Drivers/STM32L4xx_HAL_Driver/Src/stm32l4xx_hal_pcd.o
 .debug_line    0x000000000000580e      0x902 ./Drivers/STM32L4xx_HAL_Driver/Src/stm32l4xx_hal_pcd_ex.o
 .debug_line    0x0000000000006110      0xcf4 ./Drivers/STM32L4xx_HAL_Driver/Src/stm32l4xx_hal_pwr_ex.o
 .debug_line    0x0000000000006e04      0xfe1 ./Drivers/STM32L4xx_HAL_Driver/Src/stm32l4xx_hal_rcc.o
 .debug_line    0x0000000000007de5     0x1766 ./Drivers/STM32L4xx_HAL_Driver/Src/stm32l4xx_hal_rcc_ex.o
 .debug_line    0x000000000000954b     0x1970 ./Drivers/STM32L4xx_HAL_Driver/Src/stm32l4xx_ll_usb.o
 .debug_line    0x000000000000aebb      0xcee ./Middlewares/ST/STM32_USB_Device_Library/Class/MSC/Src/usbd_msc.o
 .debug_line    0x000000000000bba9      0xd05 ./Middlewares/ST/STM32_USB_Device_Library/Class/MSC/Src/usbd_msc_bot.o
 .debug_line    0x000000000000c8ae      0x95c ./Middlewares/ST/STM32_USB_Device_Library/Class/MSC/Src/usbd_msc_data.o
 .debug_line    0x000000000000d20a     0x1473 ./Middlewares/ST/STM32_USB_Device_Library/Class/MSC/Src/usbd_msc_scsi.o
 .debug_line    0x000000000000e67d      0xf35 ./Middlewares/ST/STM32_USB_Device_Library/Core/Src/usbd_core.o
 .debug_line    0x000000000000f5b2     0x113d ./Middlewares/ST/STM32_USB_Device_Library/Core/Src/usbd_ctlreq.o