../Core/Src/main.c:92:5:main	8	static
../Core/Src/main.c:138:6:SystemClock_Config	128	static
../Core/Src/main.c:190:13:MX_I2C1_Init	8	static
../Core/Src/main.c:238:13:MX_USART1_UART_Init	8	static
../Core/Src/main.c:273:13:MX_GPIO_Init	16	static
../Core/Src/main.c:288:6:i2c_scan	8	static
../Core/Src/main.c:306:16:platform_write	64	static
../Core/Src/main.c:311:16:platform_read	64	static
../Core/Src/main.c:317:13:platform_init	8	static
../Core/Src/main.c:327:6:lps22hb_read_data_polling	16	static
../Core/Src/main.c:381:13:tx_com	24	static
../Core/Src/main.c:384:6:platform_delay	16	static
../Core/Src/main.c:394:6:Error_Handler	8	static,ignoring_inline_asm
