../Middlewares/ST/STM32_USB_Device_Library/Class/HID/Src/usbd_hid.c:330:16:USBD_HID_Init	16	static
../Middlewares/ST/STM32_USB_Device_Library/Class/HID/Src/usbd_hid.c:353:16:USBD_HID_DeInit	16	static
../Middlewares/ST/STM32_USB_Device_Library/Class/HID/Src/usbd_hid.c:374:16:USBD_HID_Setup	40	static
../Middlewares/ST/STM32_USB_Device_Library/Class/HID/Src/usbd_hid.c:475:9:USBD_HID_SendReport	32	static
../Middlewares/ST/STM32_USB_Device_Library/Class/HID/Src/usbd_hid.c:495:10:USBD_HID_GetPollingInterval	24	static
../Middlewares/ST/STM32_USB_Device_Library/Class/HID/Src/usbd_hid.c:521:17:USBD_HID_GetFSCfgDesc	16	static
../Middlewares/ST/STM32_USB_Device_Library/Class/HID/Src/usbd_hid.c:533:17:USBD_HID_GetHSCfgDesc	16	static
../Middlewares/ST/STM32_USB_Device_Library/Class/HID/Src/usbd_hid.c:545:17:USBD_HID_GetOtherSpeedCfgDesc	16	static
../Middlewares/ST/STM32_USB_Device_Library/Class/HID/Src/usbd_hid.c:557:16:USBD_HID_DataIn	16	static
../Middlewares/ST/STM32_USB_Device_Library/Class/HID/Src/usbd_hid.c:571:17:USBD_HID_GetDeviceQualifierDesc	16	static
