12:31:53 **** Incremental Build of configuration Debug for project 16_ADC_IT ****
make -j8 all 
arm-none-eabi-gcc "../Core/Src/main.c" -mcpu=cortex-m0plus -std=gnu11 -g3 -DDEBUG -DUSE_HAL_DRIVER -DSTM32L053xx -c -I../Core/Inc -I../Drivers/STM32L0xx_HAL_Driver/Inc -I../Drivers/STM32L0xx_HAL_Driver/Inc/Legacy -I../Drivers/CMSIS/Device/ST/STM32L0xx/Include -I../Drivers/CMSIS/Include -O0 -ffunction-sections -fdata-sections -Wall -fstack-usage -fcyclomatic-complexity -MMD -MP -MF"Core/Src/main.d" -MT"Core/Src/main.o" --specs=nano.specs -mfloat-abi=soft -mthumb -o "Core/Src/main.o"
arm-none-eabi-gcc -o "16_ADC_IT.elf" @"objects.list"   -mcpu=cortex-m0plus -T"D:\STM32\Workspace\16_ADC_IT\STM32L053C8TX_FLASH.ld" --specs=nosys.specs -Wl,-Map="16_ADC_IT.map" -Wl,--gc-sections -static --specs=nano.specs -mfloat-abi=soft -mthumb -Wl,--start-group -lc -lm -Wl,--end-group
Finished building target: 16_ADC_IT.elf
 
arm-none-eabi-size  16_ADC_IT.elf 
arm-none-eabi-objdump -h -S 16_ADC_IT.elf  > "16_ADC_IT.list"
   text	   data	    bss	    dec	    hex	filename
  16872	    112	   2144	  19128	   4ab8	16_ADC_IT.elf
Finished building: default.size.stdout
 
Finished building: 16_ADC_IT.list
 

12:31:56 Build Finished. 0 errors, 0 warnings. (took 3s.36ms)

