10:36:36 **** Incremental Build of configuration Debug for project 17_timer_pwm_1 ****
make -j8 all 
arm-none-eabi-gcc "../Core/Src/main.c" -mcpu=cortex-m0plus -std=gnu11 -g3 -DDEBUG -DUSE_HAL_DRIVER -DSTM32L053xx -c -I../Core/Inc -I../Drivers/STM32L0xx_HAL_Driver/Inc -I../Drivers/STM32L0xx_HAL_Driver/Inc/Legacy -I../Drivers/CMSIS/Device/ST/STM32L0xx/Include -I../Drivers/CMSIS/Include -O0 -ffunction-sections -fdata-sections -Wall -fstack-usage -fcyclomatic-complexity -MMD -MP -MF"Core/Src/main.d" -MT"Core/Src/main.o" --specs=nano.specs -mfloat-abi=soft -mthumb -o "Core/Src/main.o"
arm-none-eabi-gcc -o "17_timer_pwm_1.elf" @"objects.list"   -mcpu=cortex-m0plus -T"D:\STM32\Workspace\17_timer_pwm_1\STM32L053C8TX_FLASH.ld" --specs=nosys.specs -Wl,-Map="17_timer_pwm_1.map" -Wl,--gc-sections -static --specs=nano.specs -mfloat-abi=soft -mthumb -Wl,--start-group -lc -lm -Wl,--end-group
Finished building target: 17_timer_pwm_1.elf
 
arm-none-eabi-size  17_timer_pwm_1.elf 
arm-none-eabi-objdump -h -S 17_timer_pwm_1.elf  > "17_timer_pwm_1.list"
   text	   data	    bss	    dec	    hex	filename
   9240	     20	   1636	  10896	   2a90	17_timer_pwm_1.elf
Finished building: default.size.stdout
 
Finished building: 17_timer_pwm_1.list
 

10:36:37 Build Finished. 0 errors, 0 warnings. (took 811ms)

