14:35:01 **** Incremental Build of configuration Debug for project 19_USB_KEYPAD ****
make -j8 all 
arm-none-eabi-gcc "../Core/Src/main.c" -mcpu=cortex-m0plus -std=gnu11 -g3 -DDEBUG -DUSE_HAL_DRIVER -DSTM32L053xx -c -I../Core/Inc -I../Drivers/STM32L0xx_HAL_Driver/Inc -I../Drivers/STM32L0xx_HAL_Driver/Inc/Legacy -I../Drivers/CMSIS/Device/ST/STM32L0xx/Include -I../Drivers/CMSIS/Include -O0 -ffunction-sections -fdata-sections -Wall -fstack-usage -fcyclomatic-complexity -MMD -MP -MF"Core/Src/main.d" -MT"Core/Src/main.o" --specs=nano.specs -mfloat-abi=soft -mthumb -o "Core/Src/main.o"
arm-none-eabi-gcc -o "19_USB_KEYPAD.elf" @"objects.list"   -mcpu=cortex-m0plus -T"D:\STM32\Workspace\19_USB_KEYPAD\STM32L053C8TX_FLASH.ld" --specs=nosys.specs -Wl,-Map="19_USB_KEYPAD.map" -Wl,--gc-sections -static --specs=nano.specs -mfloat-abi=soft -mthumb -Wl,--start-group -lc -lm -Wl,--end-group
Finished building target: 19_USB_KEYPAD.elf
 
arm-none-eabi-size  19_USB_KEYPAD.elf 
arm-none-eabi-objdump -h -S 19_USB_KEYPAD.elf  > "19_USB_KEYPAD.list"
   text	   data	    bss	    dec	    hex	filename
  16408	    112	   2064	  18584	   4898	19_USB_KEYPAD.elf
Finished building: default.size.stdout
 
Finished building: 19_USB_KEYPAD.list
 

14:35:02 Build Finished. 0 errors, 0 warnings. (took 1s.781ms)

