11:39:19 **** Incremental Build of configuration Debug for project QSPI_Flash ****
make -j8 all 
arm-none-eabi-gcc "../Core/Src/main.c" -mcpu=cortex-m4 -std=gnu11 -g3 -DDEBUG -DUSE_HAL_DRIVER -DSTM32L496xx -DCUSTOM_DEBUG=1 -c -I../Core/Inc -I../Drivers/STM32L4xx_HAL_Driver/Inc -I../Drivers/STM32L4xx_HAL_Driver/Inc/Legacy -I../Drivers/CMSIS/Device/ST/STM32L4xx/Include -I../Drivers/CMSIS/Include -I"D:/QSPI/QSPI_Flash/Drivers/BSP/Flash" -I"D:/QSPI/QSPI_Flash/Drivers/BSP/Refrance_drv" -O0 -ffunction-sections -fdata-sections -Wall -fstack-usage -fcyclomatic-complexity -MMD -MP -MF"Core/Src/main.d" -MT"Core/Src/main.o" --specs=nano.specs -mfpu=fpv4-sp-d16 -mfloat-abi=hard -mthumb -o "Core/Src/main.o"
arm-none-eabi-gcc -o "QSPI_Flash.elf" @"objects.list"   -mcpu=cortex-m4 -T"D:\QSPI\QSPI_Flash\STM32L496ZGTXP_FLASH.ld" --specs=nosys.specs -Wl,-Map="QSPI_Flash.map" -Wl,--gc-sections -static --specs=nano.specs -mfpu=fpv4-sp-d16 -mfloat-abi=hard -mthumb -Wl,--start-group -lc -lm -Wl,--end-group
Finished building target: QSPI_Flash.elf
 
arm-none-eabi-size  QSPI_Flash.elf 
arm-none-eabi-objdump -h -S QSPI_Flash.elf  > "QSPI_Flash.list"
   text	   data	    bss	    dec	    hex	filename
  25000	    112	   2768	  27880	   6ce8	QSPI_Flash.elf
Finished building: default.size.stdout
 
Finished building: QSPI_Flash.list
 

11:39:28 Build Finished. 0 errors, 0 warnings. (took 9s.237ms)

