10:58:06 **** Incremental Build of configuration Debug for project temp_humi ****
make -j8 all 
arm-none-eabi-gcc "../Core/Src/main.c" -mcpu=cortex-m3 -std=gnu11 -g3 -DDEBUG -DUSE_HAL_DRIVER -DSTM32L152xC -c -I../Core/Inc -I../Drivers/STM32L1xx_HAL_Driver/Inc -I../Drivers/STM32L1xx_HAL_Driver/Inc/Legacy -I../Drivers/CMSIS/Device/ST/STM32L1xx/Include -I../Drivers/CMSIS/Include -I"C:/Users/shiba/Downloads/STM32_Program-main/STM32_Program-main/temp_humi/Drivers/BSP/SHT21" -O0 -ffunction-sections -fdata-sections -Wall -fstack-usage -fcyclomatic-complexity -MMD -MP -MF"Core/Src/main.d" -MT"Core/Src/main.o" --specs=nano.specs -mfloat-abi=soft -mthumb -o "Core/Src/main.o"
../Core/Src/main.c: In function 'main':
../Core/Src/main.c:131:9: warning: implicit declaration of function 'i2c_scan' [-Wimplicit-function-declaration]
  131 |         i2c_scan();
      |         ^~~~~~~~
../Core/Src/main.c:149:33: warning: pointer targets in passing argument 1 of 'sprintf' differ in signedness [-Wpointer-sign]
  149 |                         sprintf(buffer,"%d.%dºC, %d.%dºF, %d.%d K, %d.%d%% RH\n",
      |                                 ^~~~~~
      |                                 |
      |                                 unsigned char *
In file included from ../Core/Src/main.c:24:
C:\ST\STM32CubeIDE_1.14.1\STM32CubeIDE\plugins\com.st.stm32cube.ide.mcu.externaltools.gnu-tools-for-stm32.11.3.rel1.win32_1.1.100.202309141235\tools\bin/../lib/gcc/arm-none-eabi/11.3.1/../../../../arm-none-eabi/include/stdio.h:254:18: note: expected 'char * restrict' but argument is of type 'unsigned char *'
  254 | int     sprintf (char *__restrict, const char *__restrict, ...)
      |                  ^
../Core/Src/main.c:149:42: warning: format '%d' expects argument of type 'int', but argument 3 has type 'int32_t' {aka 'long int'} [-Wformat=]
  149 |                         sprintf(buffer,"%d.%dºC, %d.%dºF, %d.%d K, %d.%d%% RH\n",
      |                                         ~^
      |                                          |
      |                                          int
      |                                         %ld
  150 |                                         SHT2x_GetInteger(cel), SHT2x_GetDecimal(cel, 1),
      |                                         ~~~~~~~~~~~~~~~~~~~~~
      |                                         |
      |                                         int32_t {aka long int}
../Core/Src/main.c:149:45: warning: format '%d' expects argument of type 'int', but argument 4 has type 'uint32_t' {aka 'long unsigned int'} [-Wformat=]
  149 |                         sprintf(buffer,"%d.%dºC, %d.%dºF, %d.%d K, %d.%d%% RH\n",
      |                                            ~^
      |                                             |
      |                                             int
      |                                            %ld
  150 |                                         SHT2x_GetInteger(cel), SHT2x_GetDecimal(cel, 1),
      |                                                                ~~~~~~~~~~~~~~~~~~~~~~~~
      |                                                                |
      |                                                                uint32_t {aka long unsigned int}
../Core/Src/main.c:149:51: warning: format '%d' expects argument of type 'int', but argument 5 has type 'int32_t' {aka 'long int'} [-Wformat=]
  149 |                         sprintf(buffer,"%d.%dºC, %d.%dºF, %d.%d K, %d.%d%% RH\n",
      |                                                  ~^
      |                                                   |
      |                                                   int
      |                                                  %ld
  150 |                                         SHT2x_GetInteger(cel), SHT2x_GetDecimal(cel, 1),
  151 |                                         SHT2x_GetInteger(fah), SHT2x_GetDecimal(fah, 1),
      |                                         ~~~~~~~~~~~~~~~~~~~~~
      |                                         |
      |                                         int32_t {aka long int}
../Core/Src/main.c:149:54: warning: format '%d' expects argument of type 'int', but argument 6 has type 'uint32_t' {aka 'long unsigned int'} [-Wformat=]
  149 |                         sprintf(buffer,"%d.%dºC, %d.%dºF, %d.%d K, %d.%d%% RH\n",
      |                                                     ~^
      |                                                      |
      |                                                      int
      |                                                     %ld
  150 |                                         SHT2x_GetInteger(cel), SHT2x_GetDecimal(cel, 1),
  151 |                                         SHT2x_GetInteger(fah), SHT2x_GetDecimal(fah, 1),
      |                                                                ~~~~~~~~~~~~~~~~~~~~~~~~
      |                                                                |
      |                                                                uint32_t {aka long unsigned int}
../Core/Src/main.c:149:60: warning: format '%d' expects argument of type 'int', but argument 7 has type 'int32_t' {aka 'long int'} [-Wformat=]
  149 |                         sprintf(buffer,"%d.%dºC, %d.%dºF, %d.%d K, %d.%d%% RH\n",
      |                                                           ~^
      |                                                            |
      |                                                            int
      |                                                           %ld
......
  152 |                                         SHT2x_GetInteger(kel), SHT2x_GetDecimal(kel, 1),
      |                                         ~~~~~~~~~~~~~~~~~~~~~
      |                                         |
      |                                         int32_t {aka long int}
../Core/Src/main.c:149:63: warning: format '%d' expects argument of type 'int', but argument 8 has type 'uint32_t' {aka 'long unsigned int'} [-Wformat=]
  149 |                         sprintf(buffer,"%d.%dºC, %d.%dºF, %d.%d K, %d.%d%% RH\n",
      |                                                              ~^
      |                                                               |
      |                                                               int
      |                                                              %ld
......
  152 |                                         SHT2x_GetInteger(kel), SHT2x_GetDecimal(kel, 1),
      |                                                                ~~~~~~~~~~~~~~~~~~~~~~~~
      |                                                                |
      |                                                                uint32_t {aka long unsigned int}
../Core/Src/main.c:149:69: warning: format '%d' expects argument of type 'int', but argument 9 has type 'int32_t' {aka 'long int'} [-Wformat=]
  149 |                         sprintf(buffer,"%d.%dºC, %d.%dºF, %d.%d K, %d.%d%% RH\n",
      |                                                                    ~^
      |                                                                     |
      |                                                                     int
      |                                                                    %ld
......
  153 |                                         SHT2x_GetInteger(rh), SHT2x_GetDecimal(rh, 1));
      |                                         ~~~~~~~~~~~~~~~~~~~~         
      |                                         |
      |                                         int32_t {aka long int}
../Core/Src/main.c:149:72: warning: format '%d' expects argument of type 'int', but argument 10 has type 'uint32_t' {aka 'long unsigned int'} [-Wformat=]
  149 |                         sprintf(buffer,"%d.%dºC, %d.%dºF, %d.%d K, %d.%d%% RH\n",
      |                                                                       ~^
      |                                                                        |
      |                                                                        int
      |                                                                       %ld
......
  153 |                                         SHT2x_GetInteger(rh), SHT2x_GetDecimal(rh, 1));
      |                                                               ~~~~~~~~~~~~~~~~~~~~~~~
      |                                                               |
      |                                                               uint32_t {aka long unsigned int}
../Core/Src/main.c:154:67: warning: pointer targets in passing argument 1 of 'strlen' differ in signedness [-Wpointer-sign]
  154 |                         HAL_UART_Transmit(&huart2, buffer, strlen(buffer), 1000);
      |                                                                   ^~~~~~
      |                                                                   |
      |                                                                   unsigned char *
In file included from ../Core/Src/main.c:25:
C:\ST\STM32CubeIDE_1.14.1\STM32CubeIDE\plugins\com.st.stm32cube.ide.mcu.externaltools.gnu-tools-for-stm32.11.3.rel1.win32_1.1.100.202309141235\tools\bin/../lib/gcc/arm-none-eabi/11.3.1/../../../../arm-none-eabi/include/string.h:41:18: note: expected 'const char *' but argument is of type 'unsigned char *'
   41 | size_t   strlen (const char *);
      |                  ^~~~~~~~~~~~
../Core/Src/main.c: At top level:
../Core/Src/main.c:290:6: warning: conflicting types for 'i2c_scan'; have 'void(void)'
  290 | void i2c_scan(void)
      |      ^~~~~~~~
../Core/Src/main.c:131:9: note: previous implicit declaration of 'i2c_scan' with type 'void(void)'
  131 |         i2c_scan();
      |         ^~~~~~~~
arm-none-eabi-gcc -o "temp_humi.elf" @"objects.list"   -mcpu=cortex-m3 -T"C:\Users\shiba\Downloads\STM32_Program-main\STM32_Program-main\temp_humi\STM32L152RCTX_FLASH.ld" --specs=nosys.specs -Wl,-Map="temp_humi.map" -Wl,--gc-sections -static --specs=nano.specs -mfloat-abi=soft -mthumb -Wl,--start-group -lc -lm -Wl,--end-group
Finished building target: temp_humi.elf
 
arm-none-eabi-size  temp_humi.elf 
arm-none-eabi-objdump -h -S temp_humi.elf  > "temp_humi.list"
   text	   data	    bss	    dec	    hex	filename
  19156	    144	   2088	  21388	   538c	temp_humi.elf
Finished building: default.size.stdout
 
Finished building: temp_humi.list
 

10:58:08 Build Finished. 0 errors, 12 warnings. (took 1s.371ms)

